Component: ARM Compiler 5.06 update 4 (build 422) Tool: armlink [4d35d2]

==============================================================================

Section Cross References

    main.o(i.advertising_init) refers to memseta.o(.text) for __aeabi_memclr4
    main.o(i.advertising_init) refers to ble_advertising.o(i.ble_advertising_init) for ble_advertising_init
    main.o(i.advertising_init) refers to app_error.o(i.app_error_handler_bare) for app_error_handler_bare
    main.o(i.advertising_init) refers to main.o(.data) for m_adv_uuids
    main.o(i.advertising_init) refers to main.o(i.on_adv_evt) for on_adv_evt
    main.o(i.assert_nrf_callback) refers to app_error.o(i.app_error_handler) for app_error_handler
    main.o(i.ble_evt_dispatch) refers to ble_conn_params.o(i.ble_conn_params_on_ble_evt) for ble_conn_params_on_ble_evt
    main.o(i.ble_evt_dispatch) refers to ble_nus.o(i.ble_nus_on_ble_evt) for ble_nus_on_ble_evt
    main.o(i.ble_evt_dispatch) refers to main.o(i.on_ble_evt) for on_ble_evt
    main.o(i.ble_evt_dispatch) refers to ble_advertising.o(i.ble_advertising_on_ble_evt) for ble_advertising_on_ble_evt
    main.o(i.ble_evt_dispatch) refers to bsp_btn_ble.o(i.bsp_btn_ble_on_ble_evt) for bsp_btn_ble_on_ble_evt
    main.o(i.ble_evt_dispatch) refers to main.o(.bss) for m_nus
    main.o(i.ble_stack_init) refers to softdevice_handler.o(i.softdevice_handler_init) for softdevice_handler_init
    main.o(i.ble_stack_init) refers to app_error.o(i.app_error_handler_bare) for app_error_handler_bare
    main.o(i.ble_stack_init) refers to softdevice_handler.o(i.softdevice_enable_get_default_config) for softdevice_enable_get_default_config
    main.o(i.ble_stack_init) refers to softdevice_handler.o(i.sd_check_ram_start) for sd_check_ram_start
    main.o(i.ble_stack_init) refers to softdevice_handler.o(i.softdevice_enable) for softdevice_enable
    main.o(i.ble_stack_init) refers to softdevice_handler.o(i.softdevice_ble_evt_handler_set) for softdevice_ble_evt_handler_set
    main.o(i.ble_stack_init) refers to main.o(.constdata) for .constdata
    main.o(i.ble_stack_init) refers to main.o(.bss) for BLE_EVT_BUFFER
    main.o(i.ble_stack_init) refers to main.o(i.ble_evt_dispatch) for ble_evt_dispatch
    main.o(i.bsp_event_handler) refers to main.o(i.sleep_mode_enter) for sleep_mode_enter
    main.o(i.bsp_event_handler) refers to app_error.o(i.app_error_handler_bare) for app_error_handler_bare
    main.o(i.bsp_event_handler) refers to ble_advertising.o(i.ble_advertising_restart_without_whitelist) for ble_advertising_restart_without_whitelist
    main.o(i.bsp_event_handler) refers to main.o(.data) for m_conn_handle
    main.o(i.buttons_leds_init) refers to bsp.o(i.bsp_init) for bsp_init
    main.o(i.buttons_leds_init) refers to app_error.o(i.app_error_handler_bare) for app_error_handler_bare
    main.o(i.buttons_leds_init) refers to bsp_btn_ble.o(i.bsp_btn_ble_init) for bsp_btn_ble_init
    main.o(i.buttons_leds_init) refers to main.o(i.bsp_event_handler) for bsp_event_handler
    main.o(i.conn_params_error_handler) refers to app_error.o(i.app_error_handler_bare) for app_error_handler_bare
    main.o(i.conn_params_init) refers to memseta.o(.text) for __aeabi_memclr4
    main.o(i.conn_params_init) refers to ble_conn_params.o(i.ble_conn_params_init) for ble_conn_params_init
    main.o(i.conn_params_init) refers to app_error.o(i.app_error_handler_bare) for app_error_handler_bare
    main.o(i.conn_params_init) refers to main.o(i.on_conn_params_evt) for on_conn_params_evt
    main.o(i.conn_params_init) refers to main.o(i.conn_params_error_handler) for conn_params_error_handler
    main.o(i.gap_params_init) refers to app_error.o(i.app_error_handler_bare) for app_error_handler_bare
    main.o(i.main) refers to app_timer.o(i.app_timer_init) for app_timer_init
    main.o(i.main) refers to app_error.o(i.app_error_handler_bare) for app_error_handler_bare
    main.o(i.main) refers to main.o(i.uart_init) for uart_init
    main.o(i.main) refers to main.o(i.buttons_leds_init) for buttons_leds_init
    main.o(i.main) refers to main.o(i.ble_stack_init) for ble_stack_init
    main.o(i.main) refers to main.o(i.gap_params_init) for gap_params_init
    main.o(i.main) refers to main.o(i.services_init) for services_init
    main.o(i.main) refers to main.o(i.advertising_init) for advertising_init
    main.o(i.main) refers to main.o(i.conn_params_init) for conn_params_init
    main.o(i.main) refers to main.o(i.saadc_sampling_event_init) for saadc_sampling_event_init
    main.o(i.main) refers to main.o(i.saadc_init) for saadc_init
    main.o(i.main) refers to main.o(i.saadc_sampling_event_enable) for saadc_sampling_event_enable
    main.o(i.main) refers to printfa.o(i.__0printf) for __2printf
    main.o(i.main) refers to ble_advertising.o(i.ble_advertising_start) for ble_advertising_start
    main.o(i.main) refers to nrf_delay.o(i.nrf_delay_ms) for nrf_delay_ms
[...]
    i.power_manage                           0x00021780   Section        0  main.o(i.power_manage)
    power_manage                             0x00021781   Thumb Code    26  main.o(i.power_manage)
    i.pstorage_access_status_get             0x0002179c   Section        0  pstorage.o(i.pstorage_access_status_get)
    i.rtc1_compare0_set                      0x000217c8   Section        0  app_timer.o(i.rtc1_compare0_set)
    rtc1_compare0_set                        0x000217c9   Thumb Code     6  app_timer.o(i.rtc1_compare0_set)
    i.rtc1_counter_get                       0x000217d4   Section        0  app_timer.o(i.rtc1_counter_get)
    rtc1_counter_get                         0x000217d5   Thumb Code     6  app_timer.o(i.rtc1_counter_get)
    i.rtc1_init                              0x000217e0   Section        0  app_timer.o(i.rtc1_init)
    rtc1_init                                0x000217e1   Thumb Code    18  app_timer.o(i.rtc1_init)
    i.rtc1_start                             0x000217f8   Section        0  app_timer.o(i.rtc1_start)
    rtc1_start                               0x000217f9   Thumb Code    48  app_timer.o(i.rtc1_start)
    i.rtc1_stop                              0x00021834   Section        0  app_timer.o(i.rtc1_stop)
    rtc1_stop                                0x00021835   Thumb Code    68  app_timer.o(i.rtc1_stop)
    i.rx_byte                                0x0002188c   Section        0  nrf_drv_uart.o(i.rx_byte)
    rx_byte                                  0x0002188d   Thumb Code    68  nrf_drv_uart.o(i.rx_byte)
    i.rx_char_add                            0x000218dc   Section        0  ble_nus.o(i.rx_char_add)
    rx_char_add                              0x000218dd   Thumb Code   310  ble_nus.o(i.rx_char_add)
    i.rx_done_event                          0x00021a14   Section        0  nrf_drv_uart.o(i.rx_done_event)
    rx_done_event                            0x00021a15   Thumb Code    30  nrf_drv_uart.o(i.rx_done_event)
    i.rx_enable                              0x00021a38   Section        0  nrf_drv_uart.o(i.rx_enable)
    rx_enable                                0x00021a39   Thumb Code    32  nrf_drv_uart.o(i.rx_enable)
    i.saadc_callback                         0x00021a5c   Section        0  main.o(i.saadc_callback)
    i.saadc_init                             0x000222a4   Section        0  main.o(i.saadc_init)
    i.saadc_sampling_event_enable            0x00022414   Section        0  main.o(i.saadc_sampling_event_enable)
    i.saadc_sampling_event_init              0x00022438   Section        0  main.o(i.saadc_sampling_event_init)
    i.sd_check_ram_start                     0x00022528   Section        0  softdevice_handler.o(i.sd_check_ram_start)
    i.sd_nvic_EnableIRQ                      0x00022544   Section        0  softdevice_handler.o(i.sd_nvic_EnableIRQ)
    sd_nvic_EnableIRQ                        0x00022545   Thumb Code   190  softdevice_handler.o(i.sd_nvic_EnableIRQ)
    i.sd_nvic_critical_region_enter          0x00022614   Section        0  app_util_platform.o(i.sd_nvic_critical_region_enter)
    sd_nvic_critical_region_enter            0x00022615   Thumb Code    90  app_util_platform.o(i.sd_nvic_critical_region_enter)
    i.sec_mgr_oob_flags_encode               0x0002267c   Section        0  ble_advdata.o(i.sec_mgr_oob_flags_encode)
    sec_mgr_oob_flags_encode                 0x0002267d   Thumb Code    54  ble_advdata.o(i.sec_mgr_oob_flags_encode)
    i.service_data_encode                    0x000226b2   Section        0  ble_advdata.o(i.service_data_encode)
    service_data_encode                      0x000226b3   Thumb Code   150  ble_advdata.o(i.service_data_encode)
    i.services_init                          0x00022748   Section        0  main.o(i.services_init)
    services_init                            0x00022749   Thumb Code    40  main.o(i.services_init)
    i.sleep_mode_enter                       0x00022778   Section        0  main.o(i.sleep_mode_enter)
    sleep_mode_enter                         0x00022779   Thumb Code    76  main.o(i.sleep_mode_enter)
    i.softdevice_ble_evt_handler_set         0x000227c4   Section        0  softdevice_handler.o(i.softdevice_ble_evt_handler_set)
    i.softdevice_enable                      0x000227dc   Section        0  softdevice_handler.o(i.softdevice_enable)
    i.softdevice_enable_get_default_config   0x000227f8   Section        0  softdevice_handler.o(i.softdevice_enable_get_default_config)
    i.softdevice_fault_handler               0x00022824   Section        0  softdevice_handler.o(i.softdevice_fault_handler)
    i.softdevice_handler_init                0x00022838   Section        0  softdevice_handler.o(i.softdevice_handler_init)
    i.srdata_check                           0x0002289c   Section        0  ble_advdata.o(i.srdata_check)
    srdata_check                             0x0002289d   Thumb Code    14  ble_advdata.o(i.srdata_check)
    i.startup_event_extract                  0x000228aa   Section        0  bsp_btn_ble.o(i.startup_event_extract)
    startup_event_extract                    0x000228ab   Thumb Code    76  bsp_btn_ble.o(i.startup_event_extract)
    i.ticks_diff_get                         0x000228f6   Section        0  app_timer.o(i.ticks_diff_get)
    ticks_diff_get                           0x000228f7   Thumb Code    10  app_timer.o(i.ticks_diff_get)
    i.timeout_handler_exec                   0x00022900   Section        0  app_timer.o(i.timeout_handler_exec)
    timeout_handler_exec                     0x00022901   Thumb Code    50  app_timer.o(i.timeout_handler_exec)
    i.timer_handler                          0x00022938   Section        0  main.o(i.timer_handler)
    i.timer_list_handler                     0x0002297c   Section        0  app_timer.o(i.timer_list_handler)
    timer_list_handler                       0x0002297d   Thumb Code    72  app_timer.o(i.timer_list_handler)
    i.timer_list_handler_sched               0x000229d0   Section        0  app_timer.o(i.timer_list_handler_sched)
    timer_list_handler_sched                 0x000229d1   Thumb Code    10  app_timer.o(i.timer_list_handler_sched)
    i.timer_list_insert                      0x000229dc   Section        0  app_timer.o(i.timer_list_insert)
    timer_list_insert                        0x000229dd   Thumb Code    98  app_timer.o(i.timer_list_insert)
    i.timer_list_remove                      0x00022a44   Section        0  app_timer.o(i.timer_list_remove)
    timer_list_remove                        0x00022a45   Thumb Code    90  app_timer.o(i.timer_list_remove)
    i.timer_start_op_schedule                0x00022ab0   Section        0  app_timer.o(i.timer_start_op_schedule)
    timer_start_op_schedule                  0x00022ab1   Thumb Code    86  app_timer.o(i.timer_start_op_schedule)
    i.timer_stop_op_schedule                 0x00022b0c   Section        0  app_timer.o(i.timer_stop_op_schedule)
    timer_stop_op_schedule                   0x00022b0d   Thumb Code    58  app_timer.o(i.timer_stop_op_schedule)
    i.timer_timeouts_check                   0x00022b4c   Section        0  app_timer.o(i.timer_timeouts_check)
    timer_timeouts_check                     0x00022b4d   Thumb Code   130  app_timer.o(i.timer_timeouts_check)
    i.timer_timeouts_check_sched             0x00022be4   Section        0  app_timer.o(i.timer_timeouts_check_sched)
    timer_timeouts_check_sched               0x00022be5   Thumb Code    10  app_timer.o(i.timer_timeouts_check_sched)
    i.tk_value_encode                        0x00022bee   Section        0  ble_advdata.o(i.tk_value_encode)
    tk_value_encode                          0x00022bef   Thumb Code    70  ble_advdata.o(i.tk_value_encode)
    i.tx_byte                                0x00022c34   Section        0  nrf_drv_uart.o(i.tx_byte)
    tx_byte                                  0x00022c35   Thumb Code    42  nrf_drv_uart.o(i.tx_byte)
    i.tx_char_add                            0x00022c6c   Section        0  ble_nus.o(i.tx_char_add)
    tx_char_add                              0x00022c6d   Thumb Code   236  ble_nus.o(i.tx_char_add)
    i.tx_done_event                          0x00022d58   Section        0  nrf_drv_uart.o(i.tx_done_event)
    tx_done_event                            0x00022d59   Thumb Code    38  nrf_drv_uart.o(i.tx_done_event)
    i.tx_power_level_encode                  0x00022d84   Section        0  ble_advdata.o(i.tx_power_level_encode)
    tx_power_level_encode                    0x00022d85   Thumb Code    54  ble_advdata.o(i.tx_power_level_encode)
    i.uart_event_handle                      0x00022dbc   Section        0  main.o(i.uart_event_handle)
    i.uart_event_handler                     0x00022e50   Section        0  app_uart_fifo.o(i.uart_event_handler)
    uart_event_handler                       0x00022e51   Thumb Code   170  app_uart_fifo.o(i.uart_event_handler)
    i.uart_init                              0x00022f10   Section        0  main.o(i.uart_init)
    uart_init                                0x00022f11   Thumb Code    72  main.o(i.uart_init)
    i.uart_irq_handler                       0x00022f68   Section        0  nrf_drv_uart.o(i.uart_irq_handler)
    uart_irq_handler                         0x00022f69   Thumb Code   342  nrf_drv_uart.o(i.uart_irq_handler)
    i.uarte_irq_handler                      0x000230c8   Section        0  nrf_drv_uart.o(i.uarte_irq_handler)
    uarte_irq_handler                        0x000230c9   Thumb Code   286  nrf_drv_uart.o(i.uarte_irq_handler)
    i.uint16_encode                          0x000231f4   Section        0  ble_advdata.o(i.uint16_encode)
    uint16_encode                            0x000231f5   Thumb Code    12  ble_advdata.o(i.uint16_encode)
    i.update_timeout_handler                 0x00023200   Section        0  ble_conn_params.o(i.update_timeout_handler)
    update_timeout_handler                   0x00023201   Thumb Code   126  ble_conn_params.o(i.update_timeout_handler)
    i.user_id_get                            0x00023290   Section        0  app_timer.o(i.user_id_get)
    user_id_get                              0x00023291   Thumb Code    78  app_timer.o(i.user_id_get)
    i.user_op_alloc                          0x000232e8   Section        0  app_timer.o(i.user_op_alloc)
    user_op_alloc                            0x000232e9   Thumb Code    48  app_timer.o(i.user_op_alloc)
    i.user_op_enque                          0x00023318   Section        0  app_timer.o(i.user_op_enque)
    user_op_enque                            0x00023319   Thumb Code     4  app_timer.o(i.user_op_enque)
    i.uuid_list_encode                       0x0002331c   Section        0  ble_advdata.o(i.uuid_list_encode)
    uuid_list_encode                         0x0002331d   Thumb Code    78  ble_advdata.o(i.uuid_list_encode)
    i.uuid_list_sized_encode                 0x0002336a   Section        0  ble_advdata.o(i.uuid_list_sized_encode)
    uuid_list_sized_encode                   0x0002336b   Thumb Code   220  ble_advdata.o(i.uuid_list_sized_encode)
    i.whitelist_has_entries                  0x00023446   Section        0  ble_advertising.o(i.whitelist_has_entries)
    whitelist_has_entries                    0x00023447   Thumb Code    18  ble_advertising.o(i.whitelist_has_entries)
    .constdata                               0x00023458   Section       35  main.o(.constdata)
    m_timer                                  0x00023458   Data           8  main.o(.constdata)
    .constdata                               0x0002347c   Section       60  bsp.o(.constdata)
    m_leds_timer_id                          0x0002347c   Data           4  bsp.o(.constdata)
    m_alert_timer_id                         0x00023480   Data           4  bsp.o(.constdata)
    m_button_timer_id                        0x00023484   Data           4  bsp.o(.constdata)
    m_buttons_list                           0x00023488   Data          16  bsp.o(.constdata)
    app_buttons                              0x00023498   Data          32  bsp.o(.constdata)
    .constdata                               0x000234b8   Section        4  ble_conn_params.o(.constdata)
    m_conn_params_timer_id                   0x000234b8   Data           4  ble_conn_params.o(.constdata)
    .constdata                               0x000234bc   Section       16  ble_nus.o(.constdata)
    .constdata                               0x000234cc   Section       32  app_uart_fifo.o(.constdata)
    .constdata                               0x000234ec   Section       32  nrf_drv_uart.o(.constdata)
    m_default_config                         0x000234ec   Data          32  nrf_drv_uart.o(.constdata)
    .constdata                               0x0002350c   Section        3  nrf_drv_saadc.o(.constdata)
    m_default_config                         0x0002350c   Data           3  nrf_drv_saadc.o(.constdata)
    .constdata                               0x00023510   Section       16  nrf_drv_timer.o(.constdata)
    m_default_config                         0x00023510   Data          16  nrf_drv_timer.o(.constdata)
    .constdata                               0x00023520   Section        8  app_button.o(.constdata)
    m_detection_delay_timer_id               0x00023520   Data           4  app_button.o(.constdata)
    .data                                    0x20002080   Section    12972  main.o(.data)
    m_conn_handle                            0x20002082   Data           2  main.o(.data)
    m_adv_uuids                              0x20002084   Data           4  main.o(.data)
    m_ppi_channel                            0x20002089   Data           1  main.o(.data)
    m_adc_channel_enabled                    0x2000208a   Data           1  main.o(.data)
    channel_0_config                         0x2000208b   Data           8  main.o(.data)
    channel_1_config                         0x20002093   Data           8  main.o(.data)
    channel_2_config                         0x2000209b   Data           8  main.o(.data)
    channel_3_config                         0x200020a3   Data           8  main.o(.data)
    channel_4_config                         0x200020ab   Data           8  main.o(.data)
    channel_5_config                         0x200020b3   Data           8  main.o(.data)
    index                                    0x200020bb   Data           1  main.o(.data)
    err_code                                 0x200020bc   Data           4  main.o(.data)
    th                                       0x200020c0   Data        5528  main.o(.data)
    hip                                      0x20003658   Data        1688  main.o(.data)
    waist                                    0x20003cf0   Data        5688  main.o(.data)
    err_code                                 0x20005328   Data           4  main.o(.data)
    .data                                    0x2000532c   Section       25  bsp.o(.data)
    m_stable_state                           0x2000532c   Data           1  bsp.o(.data)
    m_app_ticks_per_100ms                    0x20005330   Data           4  bsp.o(.data)
    m_indication_type                        0x20005334   Data           4  bsp.o(.data)
    m_alert_mask                             0x20005338   Data           4  bsp.o(.data)
    m_registered_callback                    0x2000533c   Data           4  bsp.o(.data)
    current_long_push_pin_no                 0x20005340   Data           1  bsp.o(.data)
    release_event_at_push                    0x20005341   Data           4  bsp.o(.data)
    .data                                    0x20005348   Section        8  bsp_btn_ble.o(.data)
    m_error_handler                          0x20005348   Data           4  bsp_btn_ble.o(.data)
    m_num_connections                        0x2000534c   Data           4  bsp_btn_ble.o(.data)
    .data                                    0x20005350   Section       32  ble_advertising.o(.data)
    m_advertising_start_pending              0x20005350   Data           1  ble_advertising.o(.data)
    m_peer_address                           0x20005351   Data           7  ble_advertising.o(.data)
    m_adv_evt                                0x20005358   Data           1  ble_advertising.o(.data)
    m_evt_handler                            0x2000535c   Data           4  ble_advertising.o(.data)
    m_error_handler                          0x20005360   Data           4  ble_advertising.o(.data)
    m_adv_mode_current                       0x20005364   Data           1  ble_advertising.o(.data)
    m_whitelist_temporarily_disabled         0x20005365   Data           1  ble_advertising.o(.data)
    m_whitelist_reply_expected               0x20005366   Data           1  ble_advertising.o(.data)
    m_peer_addr_reply_expected               0x20005367   Data           1  ble_advertising.o(.data)
    m_slave_conn_int                         0x20005368   Data           4  ble_advertising.o(.data)
    m_tx_power_level                         0x2000536c   Data           1  ble_advertising.o(.data)
    current_slave_link_conn_handle           0x2000536e   Data           2  ble_advertising.o(.data)
    .data                                    0x20005370   Section       21  ble_conn_params.o(.data)
    m_preferred_conn_params                  0x20005370   Data           8  ble_conn_params.o(.data)
    m_update_count                           0x20005378   Data           1  ble_conn_params.o(.data)
    m_conn_handle                            0x2000537a   Data           2  ble_conn_params.o(.data)
    m_current_conn_params                    0x2000537c   Data           8  ble_conn_params.o(.data)
    m_change_param                           0x20005384   Data           1  ble_conn_params.o(.data)
    .data                                    0x20005388   Section        6  app_uart_fifo.o(.data)
    m_event_handler                          0x20005388   Data           4  app_uart_fifo.o(.data)
    tx_buffer                                0x2000538c   Data           1  app_uart_fifo.o(.data)
    rx_buffer                                0x2000538d   Data           1  app_uart_fifo.o(.data)
    .data                                    0x20005390   Section       40  pstorage.o(.data)
    m_next_app_instance                      0x20005390   Data           2  pstorage.o(.data)
    m_next_page_addr                         0x20005394   Data           4  pstorage.o(.data)
    m_state                                  0x20005398   Data           1  pstorage.o(.data)
    m_swap_sub_state                         0x20005399   Data           1  pstorage.o(.data)
    m_head_word_size                         0x2000539c   Data           4  pstorage.o(.data)
    m_tail_word_size                         0x200053a0   Data           4  pstorage.o(.data)
    m_current_page_id                        0x200053a4   Data           4  pstorage.o(.data)
    m_num_of_command_retries                 0x200053a8   Data           4  pstorage.o(.data)
    m_num_of_bytes_written                   0x200053ac   Data           4  pstorage.o(.data)
    m_app_data_size                          0x200053b0   Data           4  pstorage.o(.data)
    m_flags                                  0x200053b4   Data           4  pstorage.o(.data)
    .data                                    0x200053b8   Section        9  nrf_drv_ppi.o(.data)
    m_drv_state                              0x200053b8   Data           1  nrf_drv_ppi.o(.data)
    m_channels_allocated                     0x200053bc   Data           4  nrf_drv_ppi.o(.data)
    m_groups_allocated                       0x200053c0   Data           1  nrf_drv_ppi.o(.data)
    .data                                    0x200053c4   Section        7  nrf_drv_rtc.o(.data)
    m_handlers                               0x200053c4   Data           4  nrf_drv_rtc.o(.data)
    m_cb                                     0x200053c8   Data           3  nrf_drv_rtc.o(.data)
    .data                                    0x200053cc   Section       20  app_button.o(.data)
    mp_buttons                               0x200053cc   Data           4  app_button.o(.data)
    m_button_count                           0x200053d0   Data           1  app_button.o(.data)
    m_detection_delay                        0x200053d4   Data           4  app_button.o(.data)
    m_pin_state                              0x200053d8   Data           4  app_button.o(.data)
    m_pin_transition                         0x200053dc   Data           4  app_button.o(.data)
    .data                                    0x200053e0   Section       34  app_timer.o(.data)
    m_user_array_size                        0x200053e0   Data           1  app_timer.o(.data)
    mp_users                                 0x200053e4   Data           4  app_timer.o(.data)
    mp_timer_id_head                         0x200053e8   Data           4  app_timer.o(.data)
    m_ticks_latest                           0x200053ec   Data           4  app_timer.o(.data)
    m_ticks_elapsed                          0x200053f0   Data           8  app_timer.o(.data)
    m_ticks_elapsed_q_read_ind               0x200053f8   Data           1  app_timer.o(.data)
    m_ticks_elapsed_q_write_ind              0x200053f9   Data           1  app_timer.o(.data)
    m_evt_schedule_func                      0x200053fc   Data           4  app_timer.o(.data)
    m_rtc1_running                           0x20005400   Data           1  app_timer.o(.data)
    m_rtc1_reset                             0x20005401   Data           1  app_timer.o(.data)
    .data                                    0x20005404   Section        8  retarget.o(.data)
    .data                                    0x2000540c   Section       24  softdevice_handler.o(.data)
    m_evt_schedule_func                      0x2000540c   Data           4  softdevice_handler.o(.data)
    m_softdevice_enabled                     0x20005410   Data           1  softdevice_handler.o(.data)
    mp_ble_evt_buffer                        0x20005414   Data           4  softdevice_handler.o(.data)
    m_ble_evt_buffer_size                    0x20005418   Data           2  softdevice_handler.o(.data)
    m_ble_evt_handler                        0x2000541c   Data           4  softdevice_handler.o(.data)
    m_sys_evt_handler                        0x20005420   Data           4  softdevice_handler.o(.data)
    .data                                    0x20005424   Section        4  system_nrf52.o(.data)
    __tagsym$$used                           0x20005424   Number         0  system_nrf52.o(.data)
    .bss                                     0x20005428   Section     1120  main.o(.bss)
    m_nus                                    0x20005428   Data          28  main.o(.bss)
    m_buffer_pool                            0x20005444   Data          32  main.o(.bss)
    BLE_EVT_BUFFER                           0x20005464   Data          72  main.o(.bss)
    data_array                               0x200054ac   Data          20  main.o(.bss)
    rx_buf                                   0x200054c0   Data         256  main.o(.bss)
    tx_buf                                   0x200055c0   Data         256  main.o(.bss)
    APP_TIMER_BUF                            0x200056c0   Data         456  main.o(.bss)
    .bss                                     0x20005888   Section      108  bsp.o(.bss)
    m_leds_timer_id_data                     0x20005888   Data          32  bsp.o(.bss)
    m_alert_timer_id_data                    0x200058a8   Data          32  bsp.o(.bss)
    m_events_list                            0x200058c8   Data          12  bsp.o(.bss)
    m_button_timer_id_data                   0x200058d4   Data          32  bsp.o(.bss)
    .bss                                     0x200058f4   Section      259  ble_advertising.o(.bss)
    m_advdata                                0x200058f4   Data          56  ble_advertising.o(.bss)
    m_adv_modes_config                       0x2000592c   Data          36  ble_advertising.o(.bss)
    m_whitelist                              0x20005950   Data          16  ble_advertising.o(.bss)
    mp_whitelist_addr                        0x20005960   Data          32  ble_advertising.o(.bss)
    mp_whitelist_irk                         0x20005980   Data          32  ble_advertising.o(.bss)
    m_manuf_specific_data                    0x200059a0   Data          12  ble_advertising.o(.bss)
    m_manuf_data_array                       0x200059ac   Data          31  ble_advertising.o(.bss)
    m_service_data                           0x200059cc   Data          12  ble_advertising.o(.bss)
    m_service_data_array                     0x200059d8   Data          31  ble_advertising.o(.bss)
    .bss                                     0x200059f8   Section       60  ble_conn_params.o(.bss)
    m_conn_params_config                     0x200059f8   Data          28  ble_conn_params.o(.bss)
    m_conn_params_timer_id_data              0x20005a14   Data          32  ble_conn_params.o(.bss)
    .bss                                     0x20005a34   Section       32  app_uart_fifo.o(.bss)
    m_rx_fifo                                0x20005a34   Data          16  app_uart_fifo.o(.bss)
    m_tx_fifo                                0x20005a44   Data          16  app_uart_fifo.o(.bss)
    .bss                                     0x20005a54   Section       88  nrf_drv_gpiote.o(.bss)
    m_cb                                     0x20005a54   Data          88  nrf_drv_gpiote.o(.bss)
    .bss                                     0x20005aac   Section       32  nrf_drv_uart.o(.bss)
    m_cb                                     0x20005aac   Data          32  nrf_drv_uart.o(.bss)
    .bss                                     0x20005acc   Section      216  pstorage.o(.bss)
    m_cmd_queue                              0x20005acc   Data         204  pstorage.o(.bss)
    m_app_table                              0x20005b98   Data          12  pstorage.o(.bss)
    .bss                                     0x20005ba4   Section       44  nrf_drv_saadc.o(.bss)
    m_cb                                     0x20005ba4   Data          44  nrf_drv_saadc.o(.bss)
    .bss                                     0x20005bd0   Section       24  nrf_drv_timer.o(.bss)
    m_cb                                     0x20005bd0   Data          24  nrf_drv_timer.o(.bss)
    .bss                                     0x20005be8   Section       32  app_button.o(.bss)
    m_detection_delay_timer_id_data          0x20005be8   Data          32  app_button.o(.bss)
    .bss                                     0x20005c08   Section       88  fstorage.o(.bss)
    m_queue                                  0x20005c08   Data          88  fstorage.o(.bss)
    .bss                                     0x20005c60   Section       12  softdevice_handler.o(.bss)
    STACK                                    0x20005c70   Section     8192  arm_startup_nrf52.o(STACK)

    Global Symbols

    Symbol Name                              Value     Ov Type        Size  Object(Section)

    BuildAttributes$$THM_ISAv4$E$P$D$K$B$S$7EM$VFPi3$EXTD16$VFPS$VFMA$PE$A:L22UL41UL21$X:L11$S22US41US21$IEEE1$IW$USESV6$~STKCKD$USESV7$~SHL$OTIME$ROPI$IEEEJ$EBA8$MICROLIB$REQ8$PRES8$EABIv2 0x00000000   Number         0  anon$$obj.o ABSOLUTE
    __ARM_use_no_argv                        0x00000000   Number         0  main.o ABSOLUTE
    _printf_a                                0x00000000   Number         0  stubs.o ABSOLUTE
    _printf_c                                0x00000000   Number         0  stubs.o ABSOLUTE
    _printf_charcount                        0x00000000   Number         0  stubs.o ABSOLUTE
    _printf_d                                0x00000000   Number         0  stubs.o ABSOLUTE
    _printf_e                                0x00000000   Number         0  stubs.o ABSOLUTE
    _printf_f                                0x00000000   Number         0  stubs.o ABSOLUTE
    _printf_flags                            0x00000000   Number         0  stubs.o ABSOLUTE
    _printf_fp_dec                           0x00000000   Number         0  stubs.o ABSOLUTE
    _printf_fp_hex                           0x00000000   Number         0  stubs.o ABSOLUTE
    _printf_g                                0x00000000   Number         0  stubs.o ABSOLUTE
    _printf_i                                0x00000000   Number         0  stubs.o ABSOLUTE
    _printf_int_dec                          0x00000000   Number         0  stubs.o ABSOLUTE
    _printf_l                                0x00000000   Number         0  stubs.o ABSOLUTE
    _printf_lc                               0x00000000   Number         0  stubs.o ABSOLUTE
    _printf_ll                               0x00000000   Number         0  stubs.o ABSOLUTE
    _printf_lld                              0x00000000   Number         0  stubs.o ABSOLUTE
    _printf_lli                              0x00000000   Number         0  stubs.o ABSOLUTE
    _printf_llo                              0x00000000   Number         0  stubs.o ABSOLUTE
    _printf_llu                              0x00000000   Number         0  stubs.o ABSOLUTE
    _printf_llx                              0x00000000   Number         0  stubs.o ABSOLUTE
    _printf_longlong_dec                     0x00000000   Number         0  stubs.o ABSOLUTE
    _printf_longlong_hex                     0x00000000   Number         0  stubs.o ABSOLUTE
    _printf_longlong_oct                     0x00000000   Number         0  stubs.o ABSOLUTE
    _printf_ls                               0x00000000   Number         0  stubs.o ABSOLUTE
    _printf_mbtowc                           0x00000000   Number         0  stubs.o ABSOLUTE
    _printf_n                                0x00000000   Number         0  stubs.o ABSOLUTE
    _printf_o                                0x00000000   Number         0  stubs.o ABSOLUTE
    _printf_p                                0x00000000   Number         0  stubs.o ABSOLUTE
    _printf_percent                          0x00000000   Number         0  stubs.o ABSOLUTE
    _printf_pre_padding                      0x00000000   Number         0  stubs.o ABSOLUTE
    _printf_return_value                     0x00000000   Number         0  stubs.o ABSOLUTE
    _printf_s                                0x00000000   Number         0  stubs.o ABSOLUTE
    _printf_sizespec                         0x00000000   Number         0  stubs.o ABSOLUTE
    _printf_str                              0x00000000   Number         0  stubs.o ABSOLUTE
    _printf_truncate_signed                  0x00000000   Number         0  stubs.o ABSOLUTE
    _printf_truncate_unsigned                0x00000000   Number         0  stubs.o ABSOLUTE
    _printf_u                                0x00000000   Number         0  stubs.o ABSOLUTE
    _printf_wc                               0x00000000   Number         0  stubs.o ABSOLUTE
    _printf_wctomb                           0x00000000   Number         0  stubs.o ABSOLUTE
    _printf_widthprec                        0x00000000   Number         0  stubs.o ABSOLUTE
    _printf_x                                0x00000000   Number         0  stubs.o ABSOLUTE
    __cpp_initialize__aeabi_                  - Undefined Weak Reference
    __cxa_finalize                            - Undefined Weak Reference
    _clock_init                               - Undefined Weak Reference
    _microlib_exit                            - Undefined Weak Reference
    fs_data$$Base                             - Undefined Reference
    fs_data$$Limit                            - Undefined Reference
    __Vectors_Size                           0x00000400   Number         0  arm_startup_nrf52.o ABSOLUTE
    __Vectors                                0x0001c000   Data           4  arm_startup_nrf52.o(RESET)
    __Vectors_End                            0x0001c400   Data           0  arm_startup_nrf52.o(RESET)
    __main                                   0x0001c401   Thumb Code     0  entry.o(.ARM.Collect$$$$00000000)
    _main_stk                                0x0001c401   Thumb Code     0  entry2.o(.ARM.Collect$$$$00000001)
    _main_scatterload                        0x0001c405   Thumb Code     0  entry5.o(.ARM.Collect$$$$00000004)
    __main_after_scatterload                 0x0001c409   Thumb Code     0  entry5.o(.ARM.Collect$$$$00000004)
    _main_clock                              0x0001c409   Thumb Code     0  entry7b.o(.ARM.Collect$$$$00000008)
    _main_cpp_init                           0x0001c409   Thumb Code     0  entry8b.o(.ARM.Collect$$$$0000000A)
    _main_init                               0x0001c409   Thumb Code     0  entry9a.o(.ARM.Collect$$$$0000000B)
    __rt_final_cpp                           0x0001c411   Thumb Code     0  entry10a.o(.ARM.Collect$$$$0000000D)
    __rt_final_exit                          0x0001c411   Thumb Code     0  entry11a.o(.ARM.Collect$$$$0000000F)
    __asm___11_nrf_delay_c_532987f3__nrf_delay_us 0x0001c415   Thumb Code   118  nrf_delay.o(.emb_text)
    __asm___11_app_timer_c_cd27f9c3__nrf_delay_us 0x0001c48d   Thumb Code   118  app_timer.o(.emb_text)
    Reset_Handler                            0x0001c505   Thumb Code     8  arm_startup_nrf52.o(.text)
    NMI_Handler                              0x0001c50d   Thumb Code     2  arm_startup_nrf52.o(.text)
    HardFault_Handler                        0x0001c50f   Thumb Code     2  arm_startup_nrf52.o(.text)
    MemoryManagement_Handler                 0x0001c511   Thumb Code     2  arm_startup_nrf52.o(.text)
    BusFault_Handler                         0x0001c513   Thumb Code     2  arm_startup_nrf52.o(.text)
    UsageFault_Handler                       0x0001c515   Thumb Code     2  arm_startup_nrf52.o(.text)
    SVC_Handler                              0x0001c517   Thumb Code     2  arm_startup_nrf52.o(.text)
    DebugMon_Handler                         0x0001c519   Thumb Code     2  arm_startup_nrf52.o(.text)
    PendSV_Handler                           0x0001c51b   Thumb Code     2  arm_startup_nrf52.o(.text)
    SysTick_Handler                          0x0001c51d   Thumb Code     2  arm_startup_nrf52.o(.text)
    CCM_AAR_IRQHandler                       0x0001c51f   Thumb Code     0  arm_startup_nrf52.o(.text)
    COMP_LPCOMP_IRQHandler                   0x0001c51f   Thumb Code     0  arm_startup_nrf52.o(.text)
    ECB_IRQHandler                           0x0001c51f   Thumb Code     0  arm_startup_nrf52.o(.text)
    FPU_IRQHandler                           0x0001c51f   Thumb Code     0  arm_startup_nrf52.o(.text)
    I2S_IRQHandler                           0x0001c51f   Thumb Code     0  arm_startup_nrf52.o(.text)
    MWU_IRQHandler                           0x0001c51f   Thumb Code     0  arm_startup_nrf52.o(.text)
    NFCT_IRQHandler                          0x0001c51f   Thumb Code     0  arm_startup_nrf52.o(.text)
    PDM_IRQHandler                           0x0001c51f   Thumb Code     0  arm_startup_nrf52.o(.text)
    POWER_CLOCK_IRQHandler                   0x0001c51f   Thumb Code     0  arm_startup_nrf52.o(.text)
    PWM0_IRQHandler                          0x0001c51f   Thumb Code     0  arm_startup_nrf52.o(.text)
    PWM1_IRQHandler                          0x0001c51f   Thumb Code     0  arm_startup_nrf52.o(.text)
    PWM2_IRQHandler                          0x0001c51f   Thumb Code     0  arm_startup_nrf52.o(.text)
    QDEC_IRQHandler                          0x0001c51f   Thumb Code     0  arm_startup_nrf52.o(.text)
    RADIO_IRQHandler                         0x0001c51f   Thumb Code     0  arm_startup_nrf52.o(.text)
    RNG_IRQHandler                           0x0001c51f   Thumb Code     0  arm_startup_nrf52.o(.text)
    RTC2_IRQHandler                          0x0001c51f   Thumb Code     0  arm_startup_nrf52.o(.text)
    SPIM0_SPIS0_TWIM0_TWIS0_SPI0_TWI0_IRQHandler 0x0001c51f   Thumb Code     0  arm_startup_nrf52.o(.text)
    SPIM1_SPIS1_TWIM1_TWIS1_SPI1_TWI1_IRQHandler 0x0001c51f   Thumb Code     0  arm_startup_nrf52.o(.text)
    SPIM2_SPIS2_SPI2_IRQHandler              0x0001c51f   Thumb Code     0  arm_startup_nrf52.o(.text)
    SWI1_EGU1_IRQHandler                     0x0001c51f   Thumb Code     0  arm_startup_nrf52.o(.text)
    SWI3_EGU3_IRQHandler                     0x0001c51f   Thumb Code     0  arm_startup_nrf52.o(.text)
    SWI4_EGU4_IRQHandler                     0x0001c51f   Thumb Code     0  arm_startup_nrf52.o(.text)
    SWI5_EGU5_IRQHandler                     0x0001c51f   Thumb Code     0  arm_startup_nrf52.o(.text)
    TEMP_IRQHandler                          0x0001c51f   Thumb Code     0  arm_startup_nrf52.o(.text)
    TIMER0_IRQHandler                        0x0001c51f   Thumb Code     0  arm_startup_nrf52.o(.text)
    TIMER1_IRQHandler                        0x0001c51f   Thumb Code     0  arm_startup_nrf52.o(.text)
    TIMER2_IRQHandler                        0x0001c51f   Thumb Code     0  arm_startup_nrf52.o(.text)
    WDT_IRQHandler                           0x0001c51f   Thumb Code     0  arm_startup_nrf52.o(.text)
    __aeabi_memcpy                           0x0001c529   Thumb Code    36  memcpya.o(.text)
    __aeabi_memcpy4                          0x0001c529   Thumb Code     0  memcpya.o(.text)
    __aeabi_memcpy8                          0x0001c529   Thumb Code     0  memcpya.o(.text)
    __aeabi_memset                           0x0001c54d   Thumb Code    14  memseta.o(.text)
    __aeabi_memset4                          0x0001c54d   Thumb Code     0  memseta.o(.text)
    __aeabi_memset8                          0x0001c54d   Thumb Code     0  memseta.o(.text)
    __aeabi_memclr                           0x0001c55b   Thumb Code     4  memseta.o(.text)
    __aeabi_memclr4                          0x0001c55b   Thumb Code     0  memseta.o(.text)
    __aeabi_memclr8                          0x0001c55b   Thumb Code     0  memseta.o(.text)
    _memset$wrapper                          0x0001c55f   Thumb Code    18  memseta.o(.text)
    __aeabi_f2d                              0x0001c571   Thumb Code    38  f2d.o(.text)
    __aeabi_d2f                              0x0001c597   Thumb Code    56  d2f.o(.text)
    __aeabi_uidiv                            0x0001c5cf   Thumb Code     0  uidiv.o(.text)
    __aeabi_uidivmod                         0x0001c5cf   Thumb Code    44  uidiv.o(.text)
    __aeabi_uldivmod                         0x0001c5fb   Thumb Code    98  uldiv.o(.text)
    __I$use$fp                               0x0001c65d   Thumb Code     0  iusefp.o(.text)
    _float_round                             0x0001c65d   Thumb Code    18  fepilogue.o(.text)
    _float_epilogue                          0x0001c66f   Thumb Code    92  fepilogue.o(.text)
    __aeabi_dadd                             0x0001c6cb   Thumb Code   322  dadd.o(.text)
    __aeabi_dsub                             0x0001c80d   Thumb Code     6  dadd.o(.text)
    __aeabi_drsub                            0x0001c813   Thumb Code     6  dadd.o(.text)
    __aeabi_dmul                             0x0001c819   Thumb Code   228  dmul.o(.text)
    __aeabi_ddiv                             0x0001c8fd   Thumb Code   222  ddiv.o(.text)
    __aeabi_d2ulz                            0x0001c9db   Thumb Code    48  dfixul.o(.text)
    __aeabi_cdrcmple                         0x0001ca0d   Thumb Code    48  cdrcmple.o(.text)
    __scatterload                            0x0001ca3d   Thumb Code    28  init.o(.text)
    __scatterload_rt2                        0x0001ca3d   Thumb Code     0  init.o(.text)
    __aeabi_llsl                             0x0001ca61   Thumb Code    30  llshl.o(.text)
    _ll_shift_l                              0x0001ca61   Thumb Code     0  llshl.o(.text)
    __aeabi_llsr                             0x0001ca7f   Thumb Code    32  llushr.o(.text)
    _ll_ushift_r                             0x0001ca7f   Thumb Code     0  llushr.o(.text)
    __aeabi_lasr                             0x0001ca9f   Thumb Code    36  llsshr.o(.text)
    _ll_sshift_r                             0x0001ca9f   Thumb Code     0  llsshr.o(.text)
    _double_round                            0x0001cac3   Thumb Code    30  depilogue.o(.text)
    _double_epilogue                         0x0001cae1   Thumb Code   156  depilogue.o(.text)
    __decompress                             0x0001cb7d   Thumb Code     0  __dczerorl2.o(.text)
    __decompress1                            0x0001cb7d   Thumb Code    86  __dczerorl2.o(.text)
    GPIOTE_IRQHandler                        0x0001cbd5   Thumb Code   420  nrf_drv_gpiote.o(i.GPIOTE_IRQHandler)
    RTC0_IRQHandler                          0x0001cdfd   Thumb Code    14  nrf_drv_rtc.o(i.RTC0_IRQHandler)
    RTC1_IRQHandler                          0x0001ce11   Thumb Code    44  app_timer.o(i.RTC1_IRQHandler)
    SAADC_IRQHandler                         0x0001ce45   Thumb Code   208  nrf_drv_saadc.o(i.SAADC_IRQHandler)
    SWI0_EGU0_IRQHandler                     0x0001cf1d   Thumb Code     8  app_timer.o(i.SWI0_EGU0_IRQHandler)
    SWI2_EGU2_IRQHandler                     0x0001cf25   Thumb Code    42  softdevice_handler.o(i.SWI2_EGU2_IRQHandler)
    SystemCoreClockUpdate                    0x0001cf55   Thumb Code     8  system_nrf52.o(i.SystemCoreClockUpdate)
    SystemInit                               0x0001cf65   Thumb Code   532  system_nrf52.o(i.SystemInit)
    TIMER3_IRQHandler                        0x0001d1b1   Thumb Code    14  nrf_drv_timer.o(i.TIMER3_IRQHandler)
    TIMER4_IRQHandler                        0x0001d1c9   Thumb Code    14  nrf_drv_timer.o(i.TIMER4_IRQHandler)
    UARTE0_UART0_IRQHandler                  0x0001d1e1   Thumb Code    20  nrf_drv_uart.o(i.UARTE0_UART0_IRQHandler)
    __0printf                                0x0001d1f9   Thumb Code    22  printfa.o(i.__0printf)
    __1printf                                0x0001d1f9   Thumb Code     0  printfa.o(i.__0printf)
    __2printf                                0x0001d1f9   Thumb Code     0  printfa.o(i.__0printf)
    __c89printf                              0x0001d1f9   Thumb Code     0  printfa.o(i.__0printf)
    printf                                   0x0001d1f9   Thumb Code     0  printfa.o(i.__0printf)
    __0sprintf                               0x0001d219   Thumb Code    34  printfa.o(i.__0sprintf)
    __1sprintf                               0x0001d219   Thumb Code     0  printfa.o(i.__0sprintf)
    __2sprintf                               0x0001d219   Thumb Code     0  printfa.o(i.__0sprintf)
    __c89sprintf                             0x0001d219   Thumb Code     0  printfa.o(i.__0sprintf)
    sprintf                                  0x0001d219   Thumb Code     0  printfa.o(i.__0sprintf)
    __hardfp_fabs                            0x0001d241   Thumb Code    20  fabs.o(i.__hardfp_fabs)
    __scatterload_copy                       0x0001d255   Thumb Code    14  handlers.o(i.__scatterload_copy)
    __scatterload_null                       0x0001d263   Thumb Code     2  handlers.o(i.__scatterload_null)
    __scatterload_zeroinit                   0x0001d265   Thumb Code    14  handlers.o(i.__scatterload_zeroinit)
    adv_data_encode                          0x0001db3d   Thumb Code   454  ble_advdata.o(i.adv_data_encode)
    app_button_enable                        0x0001de05   Thumb Code    34  app_button.o(i.app_button_enable)
    app_button_init                          0x0001de31   Thumb Code   132  app_button.o(i.app_button_init)
    app_error_fault_handler                  0x0001ded9   Thumb Code    60  app_error_weak.o(i.app_error_fault_handler)
    app_error_handler_bare                   0x0001df1d   Thumb Code    28  app_error.o(i.app_error_handler_bare)
    app_fifo_get                             0x0001df39   Thumb Code    30  app_fifo.o(i.app_fifo_get)
    app_fifo_init                            0x0001df57   Thumb Code    36  app_fifo.o(i.app_fifo_init)
    app_fifo_put                             0x0001df7b   Thumb Code    34  app_fifo.o(i.app_fifo_put)
    app_timer_create                         0x0001df9d   Thumb Code    56  app_timer.o(i.app_timer_create)
    app_timer_init                           0x0001dfd9   Thumb Code   154  app_timer.o(i.app_timer_init)
    app_timer_start                          0x0001e091   Thumb Code    84  app_timer.o(i.app_timer_start)
    app_timer_stop                           0x0001e0e9   Thumb Code    48  app_timer.o(i.app_timer_stop)
    app_uart_get                             0x0001e11d   Thumb Code    46  app_uart_fifo.o(i.app_uart_get)
    app_uart_init                            0x0001e155   Thumb Code   178  app_uart_fifo.o(i.app_uart_init)
    app_uart_put                             0x0001e221   Thumb Code    46  app_uart_fifo.o(i.app_uart_put)
    app_util_critical_region_enter           0x0001e259   Thumb Code    12  app_util_platform.o(i.app_util_critical_region_enter)
    app_util_critical_region_exit            0x0001e265   Thumb Code    62  app_util_platform.o(i.app_util_critical_region_exit)
    ble_advdata_set                          0x0001e3d1   Thumb Code   148  ble_advdata.o(i.ble_advdata_set)
    ble_advertising_init                     0x0001e465   Thumb Code   324  ble_advertising.o(i.ble_advertising_init)
    ble_advertising_on_ble_evt               0x0001e5e1   Thumb Code   224  ble_advertising.o(i.ble_advertising_on_ble_evt)
    ble_advertising_restart_without_whitelist 0x0001e6e9   Thumb Code    98  ble_advertising.o(i.ble_advertising_restart_without_whitelist)
    ble_advertising_start                    0x0001e761   Thumb Code   604  ble_advertising.o(i.ble_advertising_start)
    ble_conn_params_init                     0x0001e9e9   Thumb Code    84  ble_conn_params.o(i.ble_conn_params_init)
    ble_conn_params_on_ble_evt               0x0001ea59   Thumb Code    62  ble_conn_params.o(i.ble_conn_params_on_ble_evt)
    ble_nus_init                             0x0001eb39   Thumb Code   144  ble_nus.o(i.ble_nus_init)
    ble_nus_on_ble_evt                       0x0001ebcd   Thumb Code    66  ble_nus.o(i.ble_nus_on_ble_evt)
    ble_nus_string_send                      0x0001ec0f   Thumb Code    86  ble_nus.o(i.ble_nus_string_send)
    bsp_btn_ble_init                         0x0001ed19   Thumb Code    48  bsp_btn_ble.o(i.bsp_btn_ble_init)
    bsp_btn_ble_on_ble_evt                   0x0001ed51   Thumb Code   110  bsp_btn_ble.o(i.bsp_btn_ble_on_ble_evt)
    bsp_btn_ble_sleep_mode_prepare           0x0001edc9   Thumb Code    28  bsp_btn_ble.o(i.bsp_btn_ble_sleep_mode_prepare)
    bsp_button_is_pressed                    0x0001eec1   Thumb Code    46  bsp.o(i.bsp_button_is_pressed)
    bsp_event_handler                        0x0001eef9   Thumb Code    92  main.o(i.bsp_event_handler)
    bsp_event_to_button_action_assign        0x0001ef59   Thumb Code    86  bsp.o(i.bsp_event_to_button_action_assign)
    bsp_indication_set                       0x0001efb5   Thumb Code    28  bsp.o(i.bsp_indication_set)
    bsp_init                                 0x0001efd5   Thumb Code   164  bsp.o(i.bsp_init)
    bsp_wakeup_buttons_set                   0x0001f641   Thumb Code    70  bsp.o(i.bsp_wakeup_buttons_set)
    fputc                                    0x0001fe3d   Thumb Code    16  retarget.o(i.fputc)
    fs_queued_op_count_get                   0x0001fe4d   Thumb Code    18  fstorage.o(i.fs_queued_op_count_get)
    intern_softdevice_events_execute         0x0001ff65   Thumb Code   142  softdevice_handler.o(i.intern_softdevice_events_execute)
    main                                     0x00020309   Thumb Code   132  main.o(i.main)
    nrf_delay_ms                             0x000204d9   Thumb Code    26  nrf_delay.o(i.nrf_delay_ms)
    nrf_drv_common_irq_enable                0x000204f5   Thumb Code    84  nrf_drv_common.o(i.nrf_drv_common_irq_enable)
    nrf_drv_gpiote_in_event_enable           0x00020561   Thumb Code   170  nrf_drv_gpiote.o(i.nrf_drv_gpiote_in_event_enable)
    nrf_drv_gpiote_in_init                   0x00020619   Thumb Code   198  nrf_drv_gpiote.o(i.nrf_drv_gpiote_in_init)
    nrf_drv_gpiote_in_is_set                 0x000206f1   Thumb Code    24  nrf_drv_gpiote.o(i.nrf_drv_gpiote_in_is_set)
    nrf_drv_gpiote_init                      0x0002070d   Thumb Code    78  nrf_drv_gpiote.o(i.nrf_drv_gpiote_init)
    nrf_drv_gpiote_is_init                   0x00020761   Thumb Code    16  nrf_drv_gpiote.o(i.nrf_drv_gpiote_is_init)
    nrf_drv_ppi_channel_alloc                0x00020775   Thumb Code   100  nrf_drv_ppi.o(i.nrf_drv_ppi_channel_alloc)
    nrf_drv_ppi_channel_assign               0x000207e1   Thumb Code    72  nrf_drv_ppi.o(i.nrf_drv_ppi_channel_assign)
    nrf_drv_ppi_channel_enable               0x0002082d   Thumb Code    52  nrf_drv_ppi.o(i.nrf_drv_ppi_channel_enable)
    nrf_drv_ppi_init                         0x0002086d   Thumb Code    20  nrf_drv_ppi.o(i.nrf_drv_ppi_init)
    nrf_drv_saadc_buffer_convert             0x0002093d   Thumb Code   134  nrf_drv_saadc.o(i.nrf_drv_saadc_buffer_convert)
    nrf_drv_saadc_channel_init               0x000209c9   Thumb Code    84  nrf_drv_saadc.o(i.nrf_drv_saadc_channel_init)
    nrf_drv_saadc_channel_uninit             0x00020a21   Thumb Code    84  nrf_drv_saadc.o(i.nrf_drv_saadc_channel_uninit)
    nrf_drv_saadc_init                       0x00020a79   Thumb Code   114  nrf_drv_saadc.o(i.nrf_drv_saadc_init)
    nrf_drv_saadc_limits_set                 0x00020af9   Thumb Code   168  nrf_drv_saadc.o(i.nrf_drv_saadc_limits_set)
    nrf_drv_saadc_sample                     0x00020ba9   Thumb Code    26  nrf_drv_saadc.o(i.nrf_drv_saadc_sample)
    nrf_drv_timer_compare                    0x00020bc9   Thumb Code    56  nrf_drv_timer.o(i.nrf_drv_timer_compare)
    nrf_drv_timer_enable                     0x00020c01   Thumb Code    30  nrf_drv_timer.o(i.nrf_drv_timer_enable)
    nrf_drv_timer_extended_compare           0x00020c25   Thumb Code    66  nrf_drv_timer.o(i.nrf_drv_timer_extended_compare)
    nrf_drv_timer_init                       0x00020c69   Thumb Code   166  nrf_drv_timer.o(i.nrf_drv_timer_init)
    nrf_drv_uart_init                        0x00020d19   Thumb Code   202  nrf_drv_uart.o(i.nrf_drv_uart_init)
    nrf_drv_uart_rx                          0x00020dfd   Thumb Code   168  nrf_drv_uart.o(i.nrf_drv_uart_rx)
    nrf_drv_uart_rx_enable                   0x00020ead   Thumb Code    26  nrf_drv_uart.o(i.nrf_drv_uart_rx_enable)
    nrf_drv_uart_tx                          0x00021035   Thumb Code    66  nrf_drv_uart.o(i.nrf_drv_uart_tx)
    nrf_drv_uart_tx_in_progress              0x00021179   Thumb Code    14  nrf_drv_uart.o(i.nrf_drv_uart_tx_in_progress)
    nrf_saadc_channel_init                   0x000212c5   Thumb Code    98  nrf_saadc.o(i.nrf_saadc_channel_init)
    pstorage_access_status_get               0x0002179d   Thumb Code    36  pstorage.o(i.pstorage_access_status_get)
    saadc_callback                           0x00021a5d   Thumb Code  2038  main.o(i.saadc_callback)
    saadc_init                               0x000222a5   Thumb Code   318  main.o(i.saadc_init)
    saadc_sampling_event_enable              0x00022415   Thumb Code    32  main.o(i.saadc_sampling_event_enable)
    saadc_sampling_event_init                0x00022439   Thumb Code   224  main.o(i.saadc_sampling_event_init)
    sd_check_ram_start                       0x00022529   Thumb Code    22  softdevice_handler.o(i.sd_check_ram_start)
    softdevice_ble_evt_handler_set           0x000227c5   Thumb Code    20  softdevice_handler.o(i.softdevice_ble_evt_handler_set)
    softdevice_enable                        0x000227dd   Thumb Code    24  softdevice_handler.o(i.softdevice_enable)
    softdevice_enable_get_default_config     0x000227f9   Thumb Code    44  softdevice_handler.o(i.softdevice_enable_get_default_config)
    softdevice_fault_handler                 0x00022825   Thumb Code    20  softdevice_handler.o(i.softdevice_fault_handler)
    softdevice_handler_init                  0x00022839   Thumb Code    80  softdevice_handler.o(i.softdevice_handler_init)
    timer_handler                            0x00022939   Thumb Code    64  main.o(i.timer_handler)
    uart_event_handle                        0x00022dbd   Thumb Code   136  main.o(i.uart_event_handle)
    rtc                                      0x00023460   Data           8  main.o(.constdata)
    Region$$Table$$Base                      0x00023528   Number         0  anon$$obj.o(Region$$Table)
    Region$$Table$$Limit                     0x00023548   Number         0  anon$$obj.o(Region$$Table)
    Image$$RW_IRAM1$$Base                    0x20002080   Number         0  anon$$obj.o ABSOLUTE
    frequency                                0x20002080   Data           2  main.o(.data)
    state                                    0x20002088   Data           1  main.o(.data)
    __stdout                                 0x20005404   Data           4  retarget.o(.data)
    __stdin                                  0x20005408   Data           4  retarget.o(.data)
    SystemCoreClock                          0x20005424   Data           4  system_nrf52.o(.data)
    nrf_nvic_state                           0x20005c60   Data          12  softdevice_handler.o(.bss)
    __initial_sp                             0x20007c70   Data           0  arm_startup_nrf52.o(STACK)



==============================================================================

Memory Map of the image

  Image Entry point : 0x0001c401

  Load Region LR_IROM1 (Base: 0x0001c000, Size: 0x0000a8f0, Max: 0x00064000, ABSOLUTE, COMPRESSED[0x00009b78])

    Execution Region ER_IROM1 (Base: 0x0001c000, Size: 0x00007548, Max: 0x00064000, ABSOLUTE)

    Base Addr    Size         Type   Attr      Idx    E Section Name        Object

    0x0001c000   0x00000400   Data   RO         3850    RESET               arm_startup_nrf52.o
    0x0001c400   0x00000000   Code   RO         3937  * .ARM.Collect$$$$00000000  mc_w.l(entry.o)
    0x0001c400   0x00000004   Code   RO         4215    .ARM.Collect$$$$00000001  mc_w.l(entry2.o)
    0x0001c404   0x00000004   Code   RO         4218    .ARM.Collect$$$$00000004  mc_w.l(entry5.o)
    0x0001c408   0x00000000   Code   RO         4220    .ARM.Collect$$$$00000008  mc_w.l(entry7b.o)
    0x0001c408   0x00000000   Code   RO         4222    .ARM.Collect$$$$0000000A  mc_w.l(entry8b.o)
    0x0001c408   0x00000008   Code   RO         4223    .ARM.Collect$$$$0000000B  mc_w.l(entry9a.o)
    0x0001c410   0x00000000   Code   RO         4225    .ARM.Collect$$$$0000000D  mc_w.l(entry10a.o)
    0x0001c410   0x00000000   Code   RO         4227    .ARM.Collect$$$$0000000F  mc_w.l(entry11a.o)
    0x0001c410   0x00000004   Code   RO         4216    .ARM.Collect$$$$00002712  mc_w.l(entry2.o)
    0x0001c414   0x00000076   Code   RO         1107    .emb_text           nrf_delay.o
    0x0001c48a   0x00000002   PAD
    0x0001c48c   0x00000076   Code   RO         3022    .emb_text           app_timer.o
    0x0001c502   0x00000002   PAD
    0x0001c504   0x00000024   Code   RO         3851    .text               arm_startup_nrf52.o
    0x0001c528   0x00000024   Code   RO         3940    .text               mc_w.l(memcpya.o)
    0x0001c54c   0x00000024   Code   RO         3942    .text               mc_w.l(memseta.o)
    0x0001c570   0x00000026   Code   RO         4211    .text               mf_w.l(f2d.o)
    0x0001c596   0x00000038   Code   RO         4213    .text               mf_w.l(d2f.o)
    0x0001c5ce   0x0000002c   Code   RO         4229    .text               mc_w.l(uidiv.o)
    0x0001c5fa   0x00000062   Code   RO         4231    .text               mc_w.l(uldiv.o)
    0x0001c65c   0x00000000   Code   RO         4233    .text               mc_w.l(iusefp.o)
    0x0001c65c   0x0000006e   Code   RO         4234    .text               mf_w.l(fepilogue.o)
    0x0001c6ca   0x0000014e   Code   RO         4236    .text               mf_w.l(dadd.o)
    0x0001c818   0x000000e4   Code   RO         4238    .text               mf_w.l(dmul.o)
    0x0001c8fc   0x000000de   Code   RO         4240    .text               mf_w.l(ddiv.o)
    0x0001c9da   0x00000030   Code   RO         4242    .text               mf_w.l(dfixul.o)
    0x0001ca0a   0x00000002   PAD
    0x0001ca0c   0x00000030   Code   RO         4244    .text               mf_w.l(cdrcmple.o)
    0x0001ca3c   0x00000024   Code   RO         4246    .text               mc_w.l(init.o)
    0x0001ca60   0x0000001e   Code   RO         4248    .text               mc_w.l(llshl.o)
    0x0001ca7e   0x00000020   Code   RO         4250    .text               mc_w.l(llushr.o)
    0x0001ca9e   0x00000024   Code   RO         4252    .text               mc_w.l(llsshr.o)
    0x0001cac2   0x000000ba   Code   RO         4254    .text               mf_w.l(depilogue.o)
    0x0001cb7c   0x00000056   Code   RO         4264    .text               mc_w.l(__dczerorl2.o)
    0x0001cbd2   0x00000002   PAD
    0x0001cbd4   0x000001b8   Code   RO         1180    i.GPIOTE_IRQHandler  nrf_drv_gpiote.o
    0x0001cd8c   0x00000018   Code   RO         3023    i.NVIC_ClearPendingIRQ  app_timer.o
    0x0001cda4   0x00000016   Code   RO         3024    i.NVIC_EnableIRQ    app_timer.o
    0x0001cdba   0x00000002   PAD
    0x0001cdbc   0x00000018   Code   RO         3025    i.NVIC_SetPendingIRQ  app_timer.o
    0x0001cdd4   0x00000028   Code   RO         3026    i.NVIC_SetPriority  app_timer.o
    0x0001cdfc   0x00000014   Code   RO         2642    i.RTC0_IRQHandler   nrf_drv_rtc.o
    0x0001ce10   0x00000034   Code   RO         3027    i.RTC1_IRQHandler   app_timer.o
    0x0001ce44   0x000000d8   Code   RO         2039    i.SAADC_IRQHandler  nrf_drv_saadc.o
    0x0001cf1c   0x00000008   Code   RO         3028    i.SWI0_EGU0_IRQHandler  app_timer.o
    0x0001cf24   0x00000030   Code   RO         3738    i.SWI2_EGU2_IRQHandler  softdevice_handler.o
    0x0001cf54   0x00000010   Code   RO         3858    i.SystemCoreClockUpdate  system_nrf52.o
    0x0001cf64   0x0000024c   Code   RO         3859    i.SystemInit        system_nrf52.o
    0x0001d1b0   0x00000018   Code   RO         2199    i.TIMER3_IRQHandler  nrf_drv_timer.o
    0x0001d1c8   0x00000018   Code   RO         2200    i.TIMER4_IRQHandler  nrf_drv_timer.o
    0x0001d1e0   0x00000018   Code   RO         1419    i.UARTE0_UART0_IRQHandler  nrf_drv_uart.o
    0x0001d1f8   0x00000020   Code   RO         4183    i.__0printf         mc_w.l(printfa.o)
    0x0001d218   0x00000028   Code   RO         4185    i.__0sprintf        mc_w.l(printfa.o)
    0x0001d240   0x00000014   Code   RO         3931    i.__hardfp_fabs     m_wm.l(fabs.o)
    0x0001d254   0x0000000e   Code   RO         4258    i.__scatterload_copy  mc_w.l(handlers.o)
    0x0001d262   0x00000002   Code   RO         4259    i.__scatterload_null  mc_w.l(handlers.o)
    0x0001d264   0x0000000e   Code   RO         4260    i.__scatterload_zeroinit  mc_w.l(handlers.o)
    0x0001d272   0x0000000c   Code   RO         3256    i.__sd_nvic_irq_disable  app_util_platform.o
    0x0001d27e   0x00000002   PAD
    0x0001d280   0x00000184   Code   RO         4190    i._fp_digits        mc_w.l(printfa.o)
    0x0001d404   0x000006dc   Code   RO         4191    i._printf_core      mc_w.l(printfa.o)
    0x0001dae0   0x00000024   Code   RO         4192    i._printf_post_padding  mc_w.l(printfa.o)
    0x0001db04   0x0000002e   Code   RO         4193    i._printf_pre_padding  mc_w.l(printfa.o)
    0x0001db32   0x0000000a   Code   RO         4195    i._sputc            mc_w.l(printfa.o)
    0x0001db3c   0x000001c6   Code   RO          576    i.adv_data_encode   ble_advdata.o
    0x0001dd02   0x00000012   Code   RO          577    i.advdata_check     ble_advdata.o
    0x0001dd14   0x00000054   Code   RO          520    i.advertising_buttons_configure  bsp_btn_ble.o
    0x0001dd68   0x00000078   Code   RO            5    i.advertising_init  main.o
    0x0001dde0   0x00000024   Code   RO          403    i.alert_timer_handler  bsp.o
    0x0001de04   0x0000002c   Code   RO         2792    i.app_button_enable  app_button.o
    0x0001de30   0x000000a8   Code   RO         2793    i.app_button_init   app_button.o
    0x0001ded8   0x00000044   Code   RO         2908    i.app_error_fault_handler  app_error_weak.o
    0x0001df1c   0x0000001c   Code   RO         2857    i.app_error_handler_bare  app_error.o
    0x0001df38   0x0000001e   Code   RO         2940    i.app_fifo_get      app_fifo.o
    0x0001df56   0x00000024   Code   RO         2941    i.app_fifo_init     app_fifo.o
    0x0001df7a   0x00000022   Code   RO         2943    i.app_fifo_put      app_fifo.o
    0x0001df9c   0x0000003c   Code   RO         3031    i.app_timer_create  app_timer.o
    0x0001dfd8   0x000000b8   Code   RO         3032    i.app_timer_init    app_timer.o
    0x0001e090   0x00000058   Code   RO         3033    i.app_timer_start   app_timer.o
    0x0001e0e8   0x00000034   Code   RO         3034    i.app_timer_stop    app_timer.o
    0x0001e11c   0x00000038   Code   RO         1023    i.app_uart_get      app_uart_fifo.o
    0x0001e154   0x000000cc   Code   RO         1024    i.app_uart_init     app_uart_fifo.o
    0x0001e220   0x00000038   Code   RO         1025    i.app_uart_put      app_uart_fifo.o
    0x0001e258   0x0000000c   Code   RO         3257    i.app_util_critical_region_enter  app_util_platform.o
    0x0001e264   0x00000048   Code   RO         3258    i.app_util_critical_region_exit  app_util_platform.o
    0x0001e2ac   0x00000052   Code   RO          578    i.appearance_encode  ble_advdata.o
    0x0001e2fe   0x00000002   PAD
    0x0001e300   0x000000bc   Code   RO         1420    i.apply_config      nrf_drv_uart.o
    0x0001e3bc   0x00000014   Code   RO         2364    i.are_app_channels  nrf_drv_ppi.o
    0x0001e3d0   0x00000094   Code   RO          579    i.ble_advdata_set   ble_advdata.o
    0x0001e464   0x0000017c   Code   RO          710    i.ble_advertising_init  ble_advertising.o
    0x0001e5e0   0x000000f8   Code   RO          711    i.ble_advertising_on_ble_evt  ble_advertising.o
    0x0001e6d8   0x00000010   Code   RO          714    i.ble_advertising_peer_address_clear  ble_advertising.o
    0x0001e6e8   0x00000078   Code   RO          715    i.ble_advertising_restart_without_whitelist  ble_advertising.o
    0x0001e760   0x00000288   Code   RO          716    i.ble_advertising_start  ble_advertising.o
    0x0001e9e8   0x00000070   Code   RO          809    i.ble_conn_params_init  ble_conn_params.o
    0x0001ea58   0x0000003e   Code   RO          810    i.ble_conn_params_on_ble_evt  ble_conn_params.o
    0x0001ea96   0x00000074   Code   RO          580    i.ble_device_addr_encode  ble_advdata.o
    0x0001eb0a   0x00000002   PAD
    0x0001eb0c   0x0000002c   Code   RO            7    i.ble_evt_dispatch  main.o
    0x0001eb38   0x00000094   Code   RO          906    i.ble_nus_init      ble_nus.o
    0x0001ebcc   0x00000042   Code   RO          907    i.ble_nus_on_ble_evt  ble_nus.o
    0x0001ec0e   0x00000056   Code   RO          908    i.ble_nus_string_send  ble_nus.o
    0x0001ec64   0x000000b4   Code   RO            8    i.ble_stack_init    main.o
    0x0001ed18   0x00000038   Code   RO          521    i.bsp_btn_ble_init  bsp_btn_ble.o
    0x0001ed50   0x00000078   Code   RO          522    i.bsp_btn_ble_on_ble_evt  bsp_btn_ble.o
    0x0001edc8   0x0000001c   Code   RO          523    i.bsp_btn_ble_sleep_mode_prepare  bsp_btn_ble.o
    0x0001ede4   0x000000dc   Code   RO          404    i.bsp_button_event_handler  bsp.o
    0x0001eec0   0x00000038   Code   RO          405    i.bsp_button_is_pressed  bsp.o
    0x0001eef8   0x00000060   Code   RO            9    i.bsp_event_handler  main.o
    0x0001ef58   0x0000005c   Code   RO          409    i.bsp_event_to_button_action_assign  bsp.o
    0x0001efb4   0x00000020   Code   RO          410    i.bsp_indication_set  bsp.o
    0x0001efd4   0x000000d0   Code   RO          412    i.bsp_init          bsp.o
    0x0001f0a4   0x0000059c   Code   RO          413    i.bsp_led_indication  bsp.o
    0x0001f640   0x00000050   Code   RO          414    i.bsp_wakeup_buttons_set  bsp.o
    0x0001f690   0x0000000e   Code   RO          415    i.button_timer_handler  bsp.o
    0x0001f69e   0x00000002   PAD
    0x0001f6a0   0x00000058   Code   RO           10    i.buttons_leds_init  main.o
    0x0001f6f8   0x00000020   Code   RO         1181    i.channel_free      nrf_drv_gpiote.o
    0x0001f718   0x00000010   Code   RO         1182    i.channel_handler_get  nrf_drv_gpiote.o
    0x0001f728   0x00000080   Code   RO         1183    i.channel_port_alloc  nrf_drv_gpiote.o
    0x0001f7a8   0x0000000c   Code   RO         1184    i.channel_port_get  nrf_drv_gpiote.o
    0x0001f7b4   0x00000090   Code   RO         3036    i.compare_reg_update  app_timer.o
    0x0001f844   0x0000005a   Code   RO          581    i.conn_int_check    ble_advdata.o
    0x0001f89e   0x00000068   Code   RO          582    i.conn_int_encode   ble_advdata.o
    0x0001f906   0x00000010   Code   RO           11    i.conn_params_error_handler  main.o
    0x0001f916   0x00000002   PAD
    0x0001f918   0x0000005c   Code   RO           12    i.conn_params_init  main.o
    0x0001f974   0x00000084   Code   RO          812    i.conn_params_negotiation  ble_conn_params.o
    0x0001f9f8   0x00000054   Code   RO          524    i.connection_buttons_configure  bsp_btn_ble.o
    0x0001fa4c   0x0000008c   Code   RO         2795    i.detection_delay_timeout_handler  app_button.o
    0x0001fad8   0x00000064   Code   RO         3037    i.elapsed_ticks_acquire  app_timer.o
    0x0001fb3c   0x00000054   Code   RO         3860    i.errata_108        system_nrf52.o
    0x0001fb90   0x00000030   Code   RO         3861    i.errata_16         system_nrf52.o
    0x0001fbc0   0x00000054   Code   RO         3862    i.errata_31         system_nrf52.o
    0x0001fc14   0x00000030   Code   RO         3863    i.errata_32         system_nrf52.o
    0x0001fc44   0x00000054   Code   RO         3864    i.errata_36         system_nrf52.o
    0x0001fc98   0x00000030   Code   RO         3865    i.errata_37         system_nrf52.o
    0x0001fcc8   0x00000030   Code   RO         3866    i.errata_57         system_nrf52.o
    0x0001fcf8   0x00000030   Code   RO         3867    i.errata_66         system_nrf52.o
    0x0001fd28   0x00000058   Code   RO         3038    i.expired_timers_handler  app_timer.o
    0x0001fd80   0x00000018   Code   RO         2946    i.fifo_get          app_fifo.o
    0x0001fd98   0x0000000a   Code   RO         1026    i.fifo_length       app_uart_fifo.o
    0x0001fda2   0x0000000a   Code   RO         2947    i.fifo_length       app_fifo.o
    0x0001fdac   0x00000012   Code   RO         2948    i.fifo_peek         app_fifo.o
    0x0001fdbe   0x00000012   Code   RO         2949    i.fifo_put          app_fifo.o
    0x0001fdd0   0x00000036   Code   RO          583    i.flags_encode      ble_advdata.o
    0x0001fe06   0x00000036   Code   RO          718    i.flash_access_in_progress  ble_advertising.o
    0x0001fe3c   0x00000010   Code   RO         3553    i.fputc             retarget.o
    0x0001fe4c   0x00000018   Code   RO         3328    i.fs_queued_op_count_get  fstorage.o
    0x0001fe64   0x00000080   Code   RO           13    i.gap_params_init   main.o
    0x0001fee4   0x00000080   Code   RO         2796    i.gpiote_event_handler  app_button.o
    0x0001ff64   0x000000a4   Code   RO         3739    i.intern_softdevice_events_execute  softdevice_handler.o
    0x00020008   0x0000005c   Code   RO         2201    i.irq_handler       nrf_drv_timer.o
    0x00020064   0x00000020   Code   RO         2366    i.is_allocated_channel  nrf_drv_ppi.o
    0x00020084   0x00000012   Code   RO         2368    i.is_app_channel    nrf_drv_ppi.o
    0x00020096   0x00000002   PAD
    0x00020098   0x00000024   Code   RO          813    i.is_conn_params_ok  ble_conn_params.o
    0x000200bc   0x0000001c   Code   RO         2370    i.is_programmable_app_channel  nrf_drv_ppi.o
    0x000200d8   0x0000006a   Code   RO          584    i.le_role_encode    ble_advdata.o
    0x00020142   0x00000002   PAD
    0x00020144   0x00000020   Code   RO          416    i.leds_timer_handler  bsp.o
    0x00020164   0x00000098   Code   RO         3039    i.list_deletions_handler  app_timer.o
    0x000201fc   0x0000010c   Code   RO         3040    i.list_insertions_handler  app_timer.o
    0x00020308   0x00000098   Code   RO           14    i.main              main.o
    0x000203a0   0x00000076   Code   RO          585    i.manuf_specific_data_encode  ble_advdata.o
    0x00020416   0x000000c2   Code   RO          586    i.name_encode       ble_advdata.o
    0x000204d8   0x0000001a   Code   RO         1108    i.nrf_delay_ms      nrf_delay.o
    0x000204f2   0x00000002   PAD
    0x000204f4   0x00000060   Code   RO         1142    i.nrf_drv_common_irq_enable  nrf_drv_common.o
    0x00020554   0x0000000a   Code   RO         2202    i.nrf_drv_get_IRQn  nrf_drv_timer.o
    0x0002055e   0x00000002   PAD
    0x00020560   0x000000b8   Code   RO         1187    i.nrf_drv_gpiote_in_event_enable  nrf_drv_gpiote.o
    0x00020618   0x000000d8   Code   RO         1188    i.nrf_drv_gpiote_in_init  nrf_drv_gpiote.o
    0x000206f0   0x0000001c   Code   RO         1189    i.nrf_drv_gpiote_in_is_set  nrf_drv_gpiote.o
    0x0002070c   0x00000054   Code   RO         1191    i.nrf_drv_gpiote_init  nrf_drv_gpiote.o
    0x00020760   0x00000014   Code   RO         1192    i.nrf_drv_gpiote_is_init  nrf_drv_gpiote.o
    0x00020774   0x0000006c   Code   RO         2371    i.nrf_drv_ppi_channel_alloc  nrf_drv_ppi.o
    0x000207e0   0x0000004c   Code   RO         2372    i.nrf_drv_ppi_channel_assign  nrf_drv_ppi.o
    0x0002082c   0x00000038   Code   RO         2374    i.nrf_drv_ppi_channel_enable  nrf_drv_ppi.o
    0x00020864   0x00000008   Code   RO         2377    i.nrf_drv_ppi_channel_to_mask  nrf_drv_ppi.o
    0x0002086c   0x00000018   Code   RO         2384    i.nrf_drv_ppi_init  nrf_drv_ppi.o
    0x00020884   0x000000b8   Code   RO         2648    i.nrf_drv_rtc_int_handler  nrf_drv_rtc.o
    0x0002093c   0x0000008c   Code   RO         2041    i.nrf_drv_saadc_buffer_convert  nrf_drv_saadc.o
    0x000209c8   0x00000058   Code   RO         2042    i.nrf_drv_saadc_channel_init  nrf_drv_saadc.o
    0x00020a20   0x00000058   Code   RO         2043    i.nrf_drv_saadc_channel_uninit  nrf_drv_saadc.o
    0x00020a78   0x00000080   Code   RO         2044    i.nrf_drv_saadc_init  nrf_drv_saadc.o
    0x00020af8   0x000000b0   Code   RO         2046    i.nrf_drv_saadc_limits_set  nrf_drv_saadc.o
    0x00020ba8   0x00000020   Code   RO         2047    i.nrf_drv_saadc_sample  nrf_drv_saadc.o
    0x00020bc8   0x00000038   Code   RO         2205    i.nrf_drv_timer_compare  nrf_drv_timer.o
    0x00020c00   0x00000024   Code   RO         2209    i.nrf_drv_timer_enable  nrf_drv_timer.o
    0x00020c24   0x00000042   Code   RO         2210    i.nrf_drv_timer_extended_compare  nrf_drv_timer.o
    0x00020c66   0x00000002   PAD
    0x00020c68   0x000000b0   Code   RO         2212    i.nrf_drv_timer_init  nrf_drv_timer.o
    0x00020d18   0x000000e4   Code   RO         1422    i.nrf_drv_uart_init  nrf_drv_uart.o
    0x00020dfc   0x000000b0   Code   RO         1423    i.nrf_drv_uart_rx   nrf_drv_uart.o
    0x00020eac   0x00000020   Code   RO         1426    i.nrf_drv_uart_rx_enable  nrf_drv_uart.o
    0x00020ecc   0x000000b4   Code   RO         1427    i.nrf_drv_uart_rx_for_uart  nrf_drv_uart.o
    0x00020f80   0x000000b4   Code   RO         1428    i.nrf_drv_uart_rx_for_uarte  nrf_drv_uart.o
    0x00021034   0x00000048   Code   RO         1429    i.nrf_drv_uart_tx   nrf_drv_uart.o
    0x0002107c   0x0000008c   Code   RO         1431    i.nrf_drv_uart_tx_for_uart  nrf_drv_uart.o
    0x00021108   0x00000070   Code   RO         1432    i.nrf_drv_uart_tx_for_uarte  nrf_drv_uart.o
    0x00021178   0x00000014   Code   RO         1433    i.nrf_drv_uart_tx_in_progress  nrf_drv_uart.o
    0x0002118c   0x00000024   Code   RO         1204    i.nrf_gpio_cfg      nrf_drv_gpiote.o
    0x000211b0   0x00000024   Code   RO         1435    i.nrf_gpio_cfg      nrf_drv_uart.o
    0x000211d4   0x0000001a   Code   RO         1437    i.nrf_gpio_cfg_input  nrf_drv_uart.o
    0x000211ee   0x00000018   Code   RO         1438    i.nrf_gpio_cfg_output  nrf_drv_uart.o
    0x00021206   0x00000002   PAD
    0x00021208   0x00000024   Code   RO         1206    i.nrf_gpio_cfg_sense_set  nrf_drv_gpiote.o
    0x0002122c   0x00000010   Code   RO         1439    i.nrf_gpio_pin_set  nrf_drv_uart.o
    0x0002123c   0x0000000c   Code   RO         1209    i.nrf_gpiote_event_addr_get  nrf_drv_gpiote.o
    0x00021248   0x0000001c   Code   RO         1210    i.nrf_gpiote_event_clear  nrf_drv_gpiote.o
    0x00021264   0x00000016   Code   RO         1211    i.nrf_gpiote_event_is_set  nrf_drv_gpiote.o
    0x0002127a   0x00000002   PAD
    0x0002127c   0x0000000c   Code   RO         1212    i.nrf_gpiote_int_enable  nrf_drv_gpiote.o
    0x00021288   0x0000000e   Code   RO         2656    i.nrf_rtc_event_clear  nrf_drv_rtc.o
    0x00021296   0x00000006   Code   RO         2657    i.nrf_rtc_event_disable  nrf_drv_rtc.o
    0x0002129c   0x00000006   Code   RO         2659    i.nrf_rtc_event_pending  nrf_drv_rtc.o
    0x000212a2   0x00000006   Code   RO         2660    i.nrf_rtc_int_disable  nrf_drv_rtc.o
    0x000212a8   0x0000000a   Code   RO         2662    i.nrf_rtc_int_is_enabled  nrf_drv_rtc.o
    0x000212b2   0x00000002   PAD
    0x000212b4   0x00000010   Code   RO         2050    i.nrf_saadc_buffer_init  nrf_drv_saadc.o
    0x000212c4   0x00000068   Code   RO         2172    i.nrf_saadc_channel_init  nrf_saadc.o
    0x0002132c   0x00000018   Code   RO         2051    i.nrf_saadc_channel_input_set  nrf_drv_saadc.o
    0x00021344   0x00000014   Code   RO         2052    i.nrf_saadc_event_check  nrf_drv_saadc.o
    0x00021358   0x0000000c   Code   RO         2053    i.nrf_saadc_event_clear  nrf_drv_saadc.o
    0x00021364   0x0000000c   Code   RO         2054    i.nrf_saadc_int_disable  nrf_drv_saadc.o
    0x00021370   0x0000000c   Code   RO         2055    i.nrf_saadc_int_enable  nrf_drv_saadc.o
    0x0002137c   0x00000014   Code   RO         2056    i.nrf_saadc_limit_int_get  nrf_drv_saadc.o
    0x00021390   0x0000000c   Code   RO         2057    i.nrf_saadc_task_trigger  nrf_drv_saadc.o
    0x0002139c   0x0000000e   Code   RO         2216    i.nrf_timer_compare_event_get  nrf_drv_timer.o
    0x000213aa   0x0000000a   Code   RO         2217    i.nrf_timer_compare_int_get  nrf_drv_timer.o
    0x000213b4   0x00000006   Code   RO         2218    i.nrf_timer_event_clear  nrf_drv_timer.o
    0x000213ba   0x00000006   Code   RO         2219    i.nrf_timer_int_disable  nrf_drv_timer.o
    0x000213c0   0x00000006   Code   RO         2220    i.nrf_timer_int_enable  nrf_drv_timer.o
    0x000213c6   0x0000000c   Code   RO         2221    i.nrf_timer_shorts_disable  nrf_drv_timer.o
    0x000213d2   0x00000006   Code   RO         2222    i.nrf_timer_task_trigger  nrf_drv_timer.o
    0x000213d8   0x0000000c   Code   RO         1440    i.nrf_uart_errorsrc_get_and_clear  nrf_drv_uart.o
    0x000213e4   0x0000000e   Code   RO         1441    i.nrf_uart_event_check  nrf_drv_uart.o
    0x000213f2   0x00000006   Code   RO         1442    i.nrf_uart_event_clear  nrf_drv_uart.o
    0x000213f8   0x0000000a   Code   RO         1443    i.nrf_uart_hwfc_pins_set  nrf_drv_uart.o
    0x00021402   0x00000006   Code   RO         1444    i.nrf_uart_int_disable  nrf_drv_uart.o
    0x00021408   0x00000006   Code   RO         1445    i.nrf_uart_int_enable  nrf_drv_uart.o
    0x0002140e   0x00000012   Code   RO         1446    i.nrf_uart_int_enable_check  nrf_drv_uart.o
    0x00021420   0x00000006   Code   RO         1447    i.nrf_uart_task_trigger  nrf_drv_uart.o
    0x00021426   0x0000000a   Code   RO         1448    i.nrf_uart_txrx_pins_set  nrf_drv_uart.o
    0x00021430   0x0000000c   Code   RO         1449    i.nrf_uarte_errorsrc_get_and_clear  nrf_drv_uart.o
    0x0002143c   0x0000000e   Code   RO         1450    i.nrf_uarte_event_check  nrf_drv_uart.o
    0x0002144a   0x00000006   Code   RO         1451    i.nrf_uarte_event_clear  nrf_drv_uart.o
    0x00021450   0x0000000c   Code   RO         1452    i.nrf_uarte_hwfc_pins_set  nrf_drv_uart.o
    0x0002145c   0x00000006   Code   RO         1453    i.nrf_uarte_int_disable  nrf_drv_uart.o
    0x00021462   0x00000006   Code   RO         1454    i.nrf_uarte_int_enable  nrf_drv_uart.o
    0x00021468   0x0000000a   Code   RO         1455    i.nrf_uarte_rx_amount_get  nrf_drv_uart.o
    0x00021472   0x00000006   Code   RO         1456    i.nrf_uarte_task_trigger  nrf_drv_uart.o
    0x00021478   0x0000000e   Code   RO         1457    i.nrf_uarte_txrx_pins_set  nrf_drv_uart.o
    0x00021486   0x00000030   Code   RO           15    i.nus_data_handler  main.o
    0x000214b6   0x00000032   Code   RO           16    i.on_adv_evt        main.o
    0x000214e8   0x000000ac   Code   RO           17    i.on_ble_evt        main.o
    0x00021594   0x0000002c   Code   RO           18    i.on_conn_params_evt  main.o
    0x000215c0   0x00000018   Code   RO          814    i.on_conn_params_update  ble_conn_params.o
    0x000215d8   0x00000038   Code   RO          815    i.on_connect        ble_conn_params.o
    0x00021610   0x00000006   Code   RO          909    i.on_connect        ble_nus.o
    0x00021616   0x00000002   PAD
    0x00021618   0x00000040   Code   RO          816    i.on_disconnect     ble_conn_params.o
    0x00021658   0x00000008   Code   RO          910    i.on_disconnect     ble_nus.o
    0x00021660   0x00000058   Code   RO          817    i.on_write          ble_conn_params.o
    0x000216b8   0x00000050   Code   RO          911    i.on_write          ble_nus.o
    0x00021708   0x00000018   Code   RO          719    i.peer_address_exists  ble_advertising.o
    0x00021720   0x0000001c   Code   RO         1214    i.pin_in_use_by_gpiote  nrf_drv_gpiote.o
    0x0002173c   0x00000018   Code   RO         1215    i.pin_in_use_by_port  nrf_drv_gpiote.o
    0x00021754   0x00000020   Code   RO         1216    i.pin_in_use_by_te  nrf_drv_gpiote.o
    0x00021774   0x0000000c   Code   RO         1217    i.pin_in_use_clear  nrf_drv_gpiote.o
    0x00021780   0x0000001a   Code   RO           19    i.power_manage      main.o
    0x0002179a   0x00000002   PAD
    0x0002179c   0x0000002c   Code   RO         1729    i.pstorage_access_status_get  pstorage.o
    0x000217c8   0x0000000c   Code   RO         3041    i.rtc1_compare0_set  app_timer.o
    0x000217d4   0x0000000c   Code   RO         3042    i.rtc1_counter_get  app_timer.o
    0x000217e0   0x00000018   Code   RO         3043    i.rtc1_init         app_timer.o
    0x000217f8   0x0000003c   Code   RO         3044    i.rtc1_start        app_timer.o
    0x00021834   0x00000058   Code   RO         3045    i.rtc1_stop         app_timer.o
    0x0002188c   0x00000050   Code   RO         1459    i.rx_byte           nrf_drv_uart.o
    0x000218dc   0x00000136   Code   RO          912    i.rx_char_add       ble_nus.o
    0x00021a12   0x00000002   PAD
    0x00021a14   0x00000024   Code   RO         1460    i.rx_done_event     nrf_drv_uart.o
    0x00021a38   0x00000024   Code   RO         1461    i.rx_enable         nrf_drv_uart.o
    0x00021a5c   0x00000848   Code   RO           20    i.saadc_callback    main.o
    0x000222a4   0x00000170   Code   RO           21    i.saadc_init        main.o
    0x00022414   0x00000024   Code   RO           22    i.saadc_sampling_event_enable  main.o
    0x00022438   0x000000f0   Code   RO           23    i.saadc_sampling_event_init  main.o
    0x00022528   0x0000001c   Code   RO         3740    i.sd_check_ram_start  softdevice_handler.o
    0x00022544   0x000000d0   Code   RO         3741    i.sd_nvic_EnableIRQ  softdevice_handler.o
    0x00022614   0x00000068   Code   RO         3261    i.sd_nvic_critical_region_enter  app_util_platform.o
    0x0002267c   0x00000036   Code   RO          587    i.sec_mgr_oob_flags_encode  ble_advdata.o
    0x000226b2   0x00000096   Code   RO          588    i.service_data_encode  ble_advdata.o
    0x00022748   0x00000030   Code   RO           24    i.services_init     main.o
    0x00022778   0x0000004c   Code   RO           25    i.sleep_mode_enter  main.o
    0x000227c4   0x00000018   Code   RO         3742    i.softdevice_ble_evt_handler_set  softdevice_handler.o
    0x000227dc   0x0000001c   Code   RO         3743    i.softdevice_enable  softdevice_handler.o
    0x000227f8   0x0000002c   Code   RO         3744    i.softdevice_enable_get_default_config  softdevice_handler.o
    0x00022824   0x00000014   Code   RO         3745    i.softdevice_fault_handler  softdevice_handler.o
    0x00022838   0x00000064   Code   RO         3746    i.softdevice_handler_init  softdevice_handler.o
    0x0002289c   0x0000000e   Code   RO          589    i.srdata_check      ble_advdata.o
    0x000228aa   0x0000004c   Code   RO          525    i.startup_event_extract  bsp_btn_ble.o
    0x000228f6   0x0000000a   Code   RO         3046    i.ticks_diff_get    app_timer.o
    0x00022900   0x00000038   Code   RO         3047    i.timeout_handler_exec  app_timer.o
    0x00022938   0x00000044   Code   RO           26    i.timer_handler     main.o
    0x0002297c   0x00000054   Code   RO         3048    i.timer_list_handler  app_timer.o
    0x000229d0   0x0000000a   Code   RO         3049    i.timer_list_handler_sched  app_timer.o
    0x000229da   0x00000002   PAD
    0x000229dc   0x00000068   Code   RO         3050    i.timer_list_insert  app_timer.o
    0x00022a44   0x0000006c   Code   RO         3051    i.timer_list_remove  app_timer.o
    0x00022ab0   0x0000005c   Code   RO         3052    i.timer_start_op_schedule  app_timer.o
    0x00022b0c   0x00000040   Code   RO         3054    i.timer_stop_op_schedule  app_timer.o
    0x00022b4c   0x00000098   Code   RO         3055    i.timer_timeouts_check  app_timer.o
    0x00022be4   0x0000000a   Code   RO         3056    i.timer_timeouts_check_sched  app_timer.o
    0x00022bee   0x00000046   Code   RO          590    i.tk_value_encode   ble_advdata.o
    0x00022c34   0x00000038   Code   RO         1462    i.tx_byte           nrf_drv_uart.o
    0x00022c6c   0x000000ec   Code   RO          913    i.tx_char_add       ble_nus.o
    0x00022d58   0x0000002c   Code   RO         1463    i.tx_done_event     nrf_drv_uart.o
    0x00022d84   0x00000036   Code   RO          591    i.tx_power_level_encode  ble_advdata.o
    0x00022dba   0x00000002   PAD
    0x00022dbc   0x00000094   Code   RO           27    i.uart_event_handle  main.o
    0x00022e50   0x000000c0   Code   RO         1027    i.uart_event_handler  app_uart_fifo.o
    0x00022f10   0x00000058   Code   RO           28    i.uart_init         main.o
    0x00022f68   0x00000160   Code   RO         1464    i.uart_irq_handler  nrf_drv_uart.o
    0x000230c8   0x0000012c   Code   RO         1465    i.uarte_irq_handler  nrf_drv_uart.o
    0x000231f4   0x0000000c   Code   RO          592    i.uint16_encode     ble_advdata.o
    0x00023200   0x00000090   Code   RO          818    i.update_timeout_handler  ble_conn_params.o
    0x00023290   0x00000058   Code   RO         3057    i.user_id_get       app_timer.o
    0x000232e8   0x00000030   Code   RO         3058    i.user_op_alloc     app_timer.o
    0x00023318   0x00000004   Code   RO         3059    i.user_op_enque     app_timer.o
    0x0002331c   0x0000004e   Code   RO          593    i.uuid_list_encode  ble_advdata.o
    0x0002336a   0x000000dc   Code   RO          594    i.uuid_list_sized_encode  ble_advdata.o
    0x00023446   0x00000012   Code   RO          720    i.whitelist_has_entries  ble_advertising.o
    0x00023458   0x00000023   Data   RO           30    .constdata          main.o
    0x0002347b   0x00000001   PAD
    0x0002347c   0x0000003c   Data   RO          418    .constdata          bsp.o
    0x000234b8   0x00000004   Data   RO          820    .constdata          ble_conn_params.o
    0x000234bc   0x00000010   Data   RO          914    .constdata          ble_nus.o
    0x000234cc   0x00000020   Data   RO         1029    .constdata          app_uart_fifo.o
    0x000234ec   0x00000020   Data   RO         1467    .constdata          nrf_drv_uart.o
    0x0002350c   0x00000003   Data   RO         2059    .constdata          nrf_drv_saadc.o
    0x0002350f   0x00000001   PAD
    0x00023510   0x00000010   Data   RO         2224    .constdata          nrf_drv_timer.o
    0x00023520   0x00000008   Data   RO         2798    .constdata          app_button.o
    0x00023528   0x00000020   Data   RO         4256    Region$$Table       anon$$obj.o


    Execution Region RW_IRAM1 (Base: 0x20002080, Size: 0x00005bf0, Max: 0x0000df80, ABSOLUTE, COMPRESSED[0x00002630])

    Base Addr    Size         Type   Attr      Idx    E Section Name        Object

    0x20002080   0x000032ac   Data   RW           31    .data               main.o
    0x2000532c   0x00000019   Data   RW          419    .data               bsp.o
    0x20005345   0x00000003   PAD
    0x20005348   0x00000008   Data   RW          526    .data               bsp_btn_ble.o
    0x20005350   0x00000020   Data   RW          722    .data               ble_advertising.o
    0x20005370   0x00000015   Data   RW          821    .data               ble_conn_params.o
    0x20005385   0x00000003   PAD
    0x20005388   0x00000006   Data   RW         1030    .data               app_uart_fifo.o
    0x2000538e   0x00000002   PAD
    0x20005390   0x00000028   Data   RW         1765    .data               pstorage.o
    0x200053b8   0x00000009   Data   RW         2388    .data               nrf_drv_ppi.o
    0x200053c1   0x00000003   PAD
    0x200053c4   0x00000007   Data   RW         2665    .data               nrf_drv_rtc.o
    0x200053cb   0x00000001   PAD
    0x200053cc   0x00000014   Data   RW         2799    .data               app_button.o
    0x200053e0   0x00000022   Data   RW         3060    .data               app_timer.o
    0x20005402   0x00000002   PAD
    0x20005404   0x00000008   Data   RW         3554    .data               retarget.o
    0x2000540c   0x00000018   Data   RW         3751    .data               softdevice_handler.o
    0x20005424   0x00000004   Data   RW         3868    .data               system_nrf52.o
    0x20005428   0x00000460   Zero   RW           29    .bss                main.o
    0x20005888   0x0000006c   Zero   RW          417    .bss                bsp.o
    0x200058f4   0x00000103   Zero   RW          721    .bss                ble_advertising.o
    0x200059f7   0x00000001   PAD
    0x200059f8   0x0000003c   Zero   RW          819    .bss                ble_conn_params.o
    0x20005a34   0x00000020   Zero   RW         1028    .bss                app_uart_fifo.o
    0x20005a54   0x00000058   Zero   RW         1218    .bss                nrf_drv_gpiote.o
    0x20005aac   0x00000020   Zero   RW         1466    .bss                nrf_drv_uart.o
    0x20005acc   0x000000d8   Zero   RW         1763    .bss                pstorage.o
    0x20005ba4   0x0000002c   Zero   RW         2058    .bss                nrf_drv_saadc.o
    0x20005bd0   0x00000018   Zero   RW         2223    .bss                nrf_drv_timer.o
    0x20005be8   0x00000020   Zero   RW         2797    .bss                app_button.o
    0x20005c08   0x00000058   Zero   RW         3339    .bss                fstorage.o
    0x20005c60   0x0000000c   Zero   RW         3750    .bss                softdevice_handler.o
    0x20005c6c   0x00000004   PAD
    0x20005c70   0x00002000   Zero   RW         3848    STACK               arm_startup_nrf52.o


==============================================================================

Image component sizes


      Code (inc. data)   RO Data    RW Data    ZI Data      Debug   Object Name

       480         80          8         20         32      10958   app_button.o
        28          0          0          0          0       3725   app_error.o
        68          8          0          0          0      27457   app_error_weak.o
       170          0          0          0          0       6158   app_fifo.o
      2450        278          0         34          0      63955   app_timer.o
       518         68         32          6         32      12866   app_uart_fifo.o
       200         24          0          0          0      10102   app_util_platform.o
        36          8       1024          0       8192        968   arm_startup_nrf52.o
      2136          0          0          0          0      24960   ble_advdata.o
      1508        150          0         32        259      11116   ble_advertising.o
       718        122          4         21         60      19372   ble_conn_params.o
       940          4         16          0          0      15494   ble_nus.o
      2206        182         60         25        108      13825   bsp.o
       448         18          0          8          0       6809   bsp_btn_ble.o
        24          6          0          0         88       4600   fstorage.o
      4448        452         35      12972       1120     148009   main.o
       144          0          0          0          0       1887   nrf_delay.o
        96         12          0          0          0      27679   nrf_drv_common.o
      1402        130          0          0         88      27116   nrf_drv_gpiote.o
       370         34          0          9          0      13049   nrf_drv_ppi.o
       246         10          0          7          0      10294   nrf_drv_rtc.o
       996         86          3          0         44      20641   nrf_drv_saadc.o
       544         36         16          0         24      20461   nrf_drv_timer.o
      2532        184         32          0         32      44777   nrf_drv_uart.o
       104          6          0          0          0       6401   nrf_saadc.o
        44          8          0         40        216       9565   pstorage.o
        16          0          0          8          0       2874   retarget.o
       664         80          0         24         12      41888   softdevice_handler.o
      1096        112          0          4          0       7131   system_nrf52.o

    ----------------------------------------------------------------------
     24674       2098       1264      13224      10312     614137   Object Totals
         0          0         32          0          0          0   (incl. Generated)
        42          0          2         14          5          0   (incl. Padding)

    ----------------------------------------------------------------------

      Code (inc. data)   RO Data    RW Data    ZI Data      Debug   Library Member Name

        20          0          0          0          0        124   fabs.o
        86          0          0          0          0          0   __dczerorl2.o
         0          0          0          0          0          0   entry.o
         0          0          0          0          0          0   entry10a.o
         0          0          0          0          0          0   entry11a.o
         8          4          0          0          0          0   entry2.o
         4          0          0          0          0          0   entry5.o
         0          0          0          0          0          0   entry7b.o
         0          0          0          0          0          0   entry8b.o
         8          4          0          0          0          0   entry9a.o
        30          0          0          0          0          0   handlers.o
        36          8          0          0          0         68   init.o
         0          0          0          0          0          0   iusefp.o
        30          0          0          0          0         68   llshl.o
        36          0          0          0          0         68   llsshr.o
        32          0          0          0          0         68   llushr.o
        36          0          0          0          0         68   memcpya.o
        36          0          0          0          0        108   memseta.o
      2308         96          0          0          0        604   printfa.o
        44          0          0          0          0         80   uidiv.o
        98          0          0          0          0         92   uldiv.o
        48          0          0          0          0         68   cdrcmple.o
        56          0          0          0          0         88   d2f.o
       334          0          0          0          0        148   dadd.o
       222          0          0          0          0        100   ddiv.o
       186          0          0          0          0        176   depilogue.o
        48          0          0          0          0         68   dfixul.o
       228          0          0          0          0         96   dmul.o
        38          0          0          0          0         68   f2d.o
       110          0          0          0          0        168   fepilogue.o

    ----------------------------------------------------------------------
      4086        112          0          0          0       2328   Library Totals
         4          0          0          0          0          0   (incl. Padding)

    ----------------------------------------------------------------------

      Code (inc. data)   RO Data    RW Data    ZI Data      Debug   Library Name

        20          0          0          0          0        124   m_wm.l
      2792        112          0          0          0       1224   mc_w.l
      1270          0          0          0          0        980   mf_w.l

    ----------------------------------------------------------------------
      4086        112          0          0          0       2328   Library Totals

    ----------------------------------------------------------------------

==============================================================================


      Code (inc. data)   RO Data    RW Data    ZI Data      Debug   

     28760       2210       1264      13224      10312     589057   Grand Totals
     28760       2210       1264       9776      10312     589057   ELF Image Totals (compressed)
     28760       2210       1264       9776          0          0   ROM Totals

==============================================================================

    Total RO  Size (Code + RO Data)                30024 (  29.32kB)
    Total RW  Size (RW Data + ZI Data)             23536 (  22.98kB)
    Total ROM Size (Code + RO Data + RW Data)      39800 (  38.87kB)

==============================================================================

