<html>
<body>
<pre>
<h1>µVision Build Log</h1>
<h2>Tool Versions:</h2>
IDE-Version: µVision V5.22.0.0
Copyright (C) 2016 ARM Ltd and ARM Germany GmbH. All rights reserved.
License Information: nguyen cao, seldatinc, LIC=X96Y8-3CS2K-U43S7-EGICF-KPD1G-P1Z7L
 
Tool Versions:
Toolchain:       MDK-ARM Plus  Version: 5.22
Toolchain Path:  C:\Keil_v5\ARM\ARMCC\Bin
C Compiler:      Armcc.exe V5.06 update 4 (build 422)
Assembler:       Armasm.exe V5.06 update 4 (build 422)
Linker/Locator:  ArmLink.exe V5.06 update 4 (build 422)
Library Manager: ArmAr.exe V5.06 update 4 (build 422)
Hex Converter:   FromElf.exe V5.06 update 4 (build 422)
CPU DLL:         
Dialog DLL:      
Target DLL:      Segger\JL2CM3.dll V2.99.23.0
Dialog DLL:      TCM.DLL V1.21.0.0
 
<h2>Project:</h2>
C:\Users\seldat123\Desktop\ble_app_uart__saadc_timer_driven\ble_app_uart__saadc_timer_driven\ble_app_uart__saadc_timer_driven\pca10040\s132\arm5_no_packs\ble_app_uart_s132_pca10040.uvprojx
Project File Date:  02/08/2017

<h2>Output:</h2>
*** Using Compiler 'V5.06 update 4 (build 422)', folder: 'C:\Keil_v5\ARM\ARMCC\Bin'
Build target 'nrf52832_xxaa_s132'
compiling main.c...
..\..\..\main.c(607): warning:  #221-D: floating-point value does not fit in required floating-point type
  		float over = 340282366920938480000000000000000000000.0;//340282366920938480000000000000000000000.0
..\..\..\main.c(811): warning:  #1035-D: single-precision operand implicitly converted to double-precision
  				value_voltage = (3.19 * flexV);
..\..\..\main.c(594): warning:  #177-D: variable "buffer"  was declared but never referenced
  		char buffer[256] = {0}; //buffer_1[256] = {0};
..\..\..\main.c(595): warning:  #177-D: variable "message_length"  was declared but never referenced
      unsigned int message_length = 0;// message_value = 0;
..\..\..\main.c(599): warning:  #177-D: variable "flexADC"  was declared but never referenced
  		float flexADC = 0;
..\..\..\main.c(600): warning:  #177-D: variable "value_medium"  was declared but never referenced
  		float value_medium = 0;
..\..\..\main.c(601): warning:  #177-D: variable "value_size"  was declared but never referenced
  		float value_size = 0;
..\..\..\main.c(602): warning:  #177-D: variable "value_mediumR"  was declared but never referenced
  		float value_mediumR = 0;
..\..\..\main.c(603): warning:  #177-D: variable "offset"  was declared but never referenced
  		float offset = 2;
..\..\..\main.c(604): warning:  #177-D: variable "offset1"  was declared but never referenced
  		float offset1 = 17;
..\..\..\main.c(606): warning:  #177-D: variable "vcc"  was declared but never referenced
  		const	float vcc = 3.17;
..\..\..\main.c(613): warning:  #177-D: variable "solandoc"  was declared but never referenced
  		int solandoc = 0 ;
..\..\..\main.c(99): warning:  #550-D: variable "channel_1_config"  was set but never used
  static nrf_saadc_channel_config_t channel_1_config;
..\..\..\main.c: 17 warnings, 0 errors
  static nrf_saadc_channel_config_t channel_2_config;
..\..\..\main.c(101): warning:  #550-D: variable "channel_3_config"  was set but never used
  static nrf_saadc_channel_config_t	channel_3_config;
..\..\..\main.c(102): warning:  #550-D: variable "channel_4_config"  was set but never used
  static nrf_saadc_channel_config_t	channel_4_config;
..\..\..\main.c(103): warning:  #550-D: variable "channel_5_config"  was set but never used
  static nrf_saadc_channel_config_t	channel_5_config;
linking...
Program Size: Code=26732 RO-data=1260 RW-data=324 ZI-data=10292  
FromELF: creating hex file...
".\_build\nrf52832_xxaa_s132.axf" - 0 Error(s), 16 Warning(s).

<h2>Software Packages used:</h2>

Package Vendor: ARM
                http://www.keil.com/pack/ARM.CMSIS.4.5.0.pack
                ARM::CMSIS:CORE:4.3.0
                CMSIS (Cortex Microcontroller Software Interface Standard)
   * Component: CORE Version: 4.3.0

Package Vendor: NordicSemiconductor
                http://developer.nordicsemi.com/nRF5_SDK/pieces/nRF_DeviceFamilyPack/NordicSemiconductor.nRF_DeviceFamilyPack.8.5.0.pack
                NordicSemiconductor::Device:Startup:8.5.0
                Nordic Semiconductor nRF ARM devices Device Family Pack.
   * Component: Startup Version: 8.5.0

<h2>Collection of Component include folders:</h2>
  C:\Users\seldat123\Desktop\ble_app_uart__saadc_timer_driven\ble_app_uart__saadc_timer_driven\ble_app_uart__saadc_timer_driven\pca10040\s132\arm5_no_packs\RTE\_nrf52832_xxaa_s132
  C:\Keil_v5\ARM\PACK\ARM\CMSIS\4.5.0\CMSIS\Include
  C:\Keil_v5\ARM\PACK\NordicSemiconductor\nRF_DeviceFamilyPack\8.11.1\Device\Include
  C:\Keil_v5\ARM\PACK\NordicSemiconductor\nRF_DeviceFamilyPack\8.5.0\Device\Include

<h2>Collection of Component Files used:</h2>

   * Component: ARM::CMSIS:CORE:4.3.0

   * Component: NordicSemiconductor::Device:Startup:8.5.0
      Source file:   Device\Source\arm\arm_startup_nrf52.s
      Source file:   Device\Source\system_nrf52.c
      Include file:  Device\Include\system_nrf52.h
Build Time Elapsed:  00:00:03
</pre>
</body>
</html>
